******************************************************************************
                  MSP430 Linker PC v4.4.5                      
******************************************************************************
>> Linked Thu Dec 17 15:49:21 2015

OUTPUT FILE NAME:   <MSP430_CC1120_RXCODE.out>
ENTRY POINT SYMBOL: "_c_int00_noargs_noexit"  address: 0000c8fe


MEMORY CONFIGURATION

         name            origin    length      used     unused   attr    fill
----------------------  --------  ---------  --------  --------  ----  --------
  SFR                   00000000   00000010  00000000  00000010  RWIX
  PERIPHERALS_8BIT      00000010   000000f0  00000000  000000f0  RWIX
  PERIPHERALS_16BIT     00000100   00000100  00000000  00000100  RWIX
  RAM                   00000200   00000200  00000078  00000188  RWIX
  INFOD                 00001000   00000040  00000000  00000040  RWIX
  INFOC                 00001040   00000040  00000000  00000040  RWIX
  INFOB                 00001080   00000040  00000000  00000040  RWIX
  INFOA                 000010c0   00000040  00000000  00000040  RWIX
  FLASH                 0000c000   00003fde  00000ab4  0000352a  RWIX
  BSLSIGNATURE          0000ffde   00000002  00000002  00000000  RWIX  ffff 
  INT00                 0000ffe0   00000002  00000002  00000000  RWIX
  INT01                 0000ffe2   00000002  00000000  00000002  RWIX
  INT02                 0000ffe4   00000002  00000002  00000000  RWIX
  INT03                 0000ffe6   00000002  00000002  00000000  RWIX
  INT04                 0000ffe8   00000002  00000000  00000002  RWIX
  INT05                 0000ffea   00000002  00000002  00000000  RWIX
  INT06                 0000ffec   00000002  00000002  00000000  RWIX
  INT07                 0000ffee   00000002  00000002  00000000  RWIX
  INT08                 0000fff0   00000002  00000002  00000000  RWIX
  INT09                 0000fff2   00000002  00000002  00000000  RWIX
  INT10                 0000fff4   00000002  00000002  00000000  RWIX
  INT11                 0000fff6   00000002  00000002  00000000  RWIX
  INT12                 0000fff8   00000002  00000002  00000000  RWIX
  INT13                 0000fffa   00000002  00000002  00000000  RWIX
  INT14                 0000fffc   00000002  00000002  00000000  RWIX
  RESET                 0000fffe   00000002  00000002  00000000  RWIX


SECTION ALLOCATION MAP

 output                                  attributes/
section   page    origin      length       input sections
--------  ----  ----------  ----------   ----------------
.data      0    00000200    00000026     UNINITIALIZED
                  00000200    00000010     hal_digio2.obj (.data:port1_isr_tbl)
                  00000210    00000010     hal_digio2.obj (.data:port2_isr_tbl)
                  00000220    00000006     hal_int_rf_msp_exp430g2.obj (.data)

.bss       0    00000226    00000002     UNINITIALIZED
                  00000226    00000001     (.common:buttonPressed)
                  00000227    00000001     (.common:packetSemaphore)

.TI.persistent 
*          0    00000200    00000000     UNINITIALIZED

.stack     0    000003b0    00000050     UNINITIALIZED
                  000003b0    00000002     rts430_eabi.lib : boot.obj (.stack)
                  000003b2    0000004e     --HOLE--

.text      0    0000c000    000009fe     
                  0000c000    0000017c     cc1120_vchip_easy_link_rx.obj (.text:manualCalibration)
                  0000c17c    000000c4     cc1120_vchip_easy_link_rx.obj (.text:runRX)
                  0000c240    00000074     hal_msp_exp430g2_spi.obj (.text:trxReadWriteBurstSingle)
                  0000c2b4    0000006a     hal_digio2.obj (.text:port1_ISR)
                  0000c31e    0000006a     hal_digio2.obj (.text:port2_ISR)
                  0000c388    00000064     rts430_eabi.lib : copy_decompress_rle.obj (.text:__TI_decompress_rle_core)
                  0000c3ec    00000064     hal_digio2.obj (.text:halDigio2IntSetEdge)
                  0000c450    00000064     hal_int_rf_msp_exp430g2.obj (.text:trxIsrConnect)
                  0000c4b4    00000058     rts430_eabi.lib : autoinit.obj (.text:_auto_init)
                  0000c50c    00000054     hal_msp_exp430g2_spi.obj (.text:trx16BitRegAccess)
                  0000c560    00000050     hal_int_rf_msp_exp430g2.obj (.text:trxClearIntFlag)
                  0000c5b0    00000050     hal_int_rf_msp_exp430g2.obj (.text:trxEnableInt)
                  0000c600    0000004e     hal_msp_exp430g2_spi.obj (.text:exp430RfSpiInit)
                  0000c64e    0000004c     cc112x_spi.obj (.text:cc112xSpiReadReg)
                  0000c69a    0000004c     cc112x_spi.obj (.text:cc112xSpiWriteReg)
                  0000c6e6    0000004c     hal_digio2.obj (.text:halDigio2IntConnect)
                  0000c732    00000044     hal_msp_exp430g2_spi.obj (.text:trx8BitRegAccess)
                  0000c776    00000040     cc1120_vchip_easy_link_rx.obj (.text:registerConfig)
                  0000c7b6    00000036     hal_digio2.obj (.text:halDigio2IntClear)
                  0000c7ec    00000036     hal_digio2.obj (.text:halDigio2IntEnable)
                  0000c822    0000002c     rts430_eabi.lib : lsl16.obj (.text)
                  0000c84e    0000002c     hal_msp_exp430g2_spi.obj (.text:trxSpiCmdStrobe)
                  0000c87a    0000002a     cc1120_vchip_easy_link_rx.obj (.text:serialInit)
                  0000c8a4    00000022     cc1120_vchip_easy_link_rx.obj (.text:main)
                  0000c8c6    0000001c     hal_board.obj (.text:buttonPressedISR)
                  0000c8e2    0000001c     hal_board.obj (.text:halInitMCU)
                  0000c8fe    0000001a     rts430_eabi.lib : boot_special.obj (.text:_c_int00_noargs_noexit)
                  0000c918    0000001a     hal_board.obj (.text:halButtonInit)
                  0000c932    0000001a     hal_board.obj (.text:halButtonInterruptEnable)
                  0000c94c    00000014     hal_board.obj (.text:WDT_ISR)
                  0000c960    00000014     rts430_eabi.lib : copy_zero_init.obj (.text:decompress:ZI:__TI_zero_init)
                  0000c974    00000014                     : memset.obj (.text:memset)
                  0000c988    00000012                     : copy_decompress_none.obj (.text:decompress:none:__TI_decompress_none)
                  0000c99a    00000012                     : memcpy.obj (.text:memcpy)
                  0000c9ac    00000010                     : epilog.obj (.text)
                  0000c9bc    0000000e     cc112x_spi.obj (.text:cc112xSpiReadRxFifo)
                  0000c9ca    0000000e     hal_board.obj (.text:halLedInit)
                  0000c9d8    0000000c     cc1120_vchip_easy_link_rx.obj (.text:radioRxTxISR)
                  0000c9e4    00000006     rts430_eabi.lib : isr_trap.obj (.text:_isr:__TI_ISR_TRAP)
                  0000c9ea    00000006                     : copy_decompress_rle.obj (.text:decompress:rle24:__TI_decompress_rle24)
                  0000c9f0    00000006     hal_board.obj (.text:halLedToggle)
                  0000c9f6    00000004     rts430_eabi.lib : pre_init.obj (.text:_system_pre_init)
                  0000c9fa    00000004                     : exit.obj (.text:abort)

.const     0    0000c9fe    00000094     
                  0000c9fe    00000094     cc1120_vchip_easy_link_rx.obj (.const:preferredSettings)

.cinit     0    0000ca92    00000022     
                  0000ca92    0000000f     (.cinit..data.load) [load image, compression = rle]
                  0000caa1    00000001     --HOLE-- [fill = 0]
                  0000caa2    00000006     (__TI_handler_table)
                  0000caa8    00000004     (.cinit..bss.load) [load image, compression = zero_init]
                  0000caac    00000008     (__TI_cinit_table)

.init_array 
*          0    0000c000    00000000     UNINITIALIZED

TRAPINT    0    0000ffe0    00000002     
                  0000ffe0    00000002     rts430_eabi.lib : int00.obj (.int00)

$fill000   0    0000ffde    00000002     
                  0000ffde    00000002     --HOLE-- [fill = ffff]

PORT1      0    0000ffe4    00000002     
                  0000ffe4    00000002     hal_digio2.obj (.int02)

PORT2      0    0000ffe6    00000002     
                  0000ffe6    00000002     hal_digio2.obj (.int03)

ADC10      0    0000ffea    00000002     
                  0000ffea    00000002     rts430_eabi.lib : int05.obj (.int05)

USCIAB0TX 
*          0    0000ffec    00000002     
                  0000ffec    00000002     rts430_eabi.lib : int06.obj (.int06)

USCIAB0RX 
*          0    0000ffee    00000002     
                  0000ffee    00000002     rts430_eabi.lib : int07.obj (.int07)

TIMER0_A1 
*          0    0000fff0    00000002     
                  0000fff0    00000002     rts430_eabi.lib : int08.obj (.int08)

TIMER0_A0 
*          0    0000fff2    00000002     
                  0000fff2    00000002     rts430_eabi.lib : int09.obj (.int09)

WDT        0    0000fff4    00000002     
                  0000fff4    00000002     hal_board.obj (.int10)

COMPARATORA 
*          0    0000fff6    00000002     
                  0000fff6    00000002     rts430_eabi.lib : int11.obj (.int11)

TIMER1_A1 
*          0    0000fff8    00000002     
                  0000fff8    00000002     rts430_eabi.lib : int12.obj (.int12)

TIMER1_A0 
*          0    0000fffa    00000002     
                  0000fffa    00000002     rts430_eabi.lib : int13.obj (.int13)

NMI        0    0000fffc    00000002     
                  0000fffc    00000002     rts430_eabi.lib : int14.obj (.int14)

.reset     0    0000fffe    00000002     
                  0000fffe    00000002     rts430_eabi.lib : boot.obj (.reset)


LINKER GENERATED COPY TABLES

__TI_cinit_table @ 0000caac records: 2, size/record: 4, table size: 8
	.data: load addr=0000ca92, load size=0000000f bytes, run addr=00000200, run size=00000026 bytes, compression=rle
	.bss: load addr=0000caa8, load size=00000004 bytes, run addr=00000226, run size=00000002 bytes, compression=zero_init


LINKER GENERATED HANDLER TABLE

__TI_handler_table @ 0000caa2 records: 3, size/record: 2, table size: 6
	index: 0, handler: __TI_zero_init
	index: 1, handler: __TI_decompress_rle24
	index: 2, handler: __TI_decompress_none


GLOBAL SYMBOLS: SORTED ALPHABETICALLY BY Name 

address   name                    
-------   ----                    
0000004a  ADC10AE0                
000001b0  ADC10CTL0               
000001b2  ADC10CTL1               
00000048  ADC10DTC0               
00000049  ADC10DTC1               
000001b4  ADC10MEM                
000001bc  ADC10SA                 
00000057  BCSCTL1                 
00000058  BCSCTL2                 
00000053  BCSCTL3                 
0000c9fa  C$$EXIT                 
00000059  CACTL1                  
0000005a  CACTL2                  
000010fb  CALBC1_12MHZ            
000010f9  CALBC1_16MHZ            
000010ff  CALBC1_1MHZ             
000010fd  CALBC1_8MHZ             
000010fa  CALDCO_12MHZ            
000010f8  CALDCO_16MHZ            
000010fe  CALDCO_1MHZ             
000010fc  CALDCO_8MHZ             
0000005b  CAPD                    
00000056  DCOCTL                  
00000128  FCTL1                   
0000012a  FCTL2                   
0000012c  FCTL3                   
00000000  IE1                     
00000001  IE2                     
00000002  IFG1                    
00000003  IFG2                    
00000022  P1DIR                   
00000025  P1IE                    
00000024  P1IES                   
00000023  P1IFG                   
00000020  P1IN                    
00000021  P1OUT                   
00000027  P1REN                   
00000026  P1SEL                   
00000041  P1SEL2                  
0000002a  P2DIR                   
0000002d  P2IE                    
0000002c  P2IES                   
0000002b  P2IFG                   
00000028  P2IN                    
00000029  P2OUT                   
0000002f  P2REN                   
0000002e  P2SEL                   
00000042  P2SEL2                  
0000001a  P3DIR                   
00000018  P3IN                    
00000019  P3OUT                   
00000010  P3REN                   
0000001b  P3SEL                   
00000043  P3SEL2                  
00000172  TA0CCR0                 
00000174  TA0CCR1                 
00000176  TA0CCR2                 
00000162  TA0CCTL0                
00000164  TA0CCTL1                
00000166  TA0CCTL2                
00000160  TA0CTL                  
0000012e  TA0IV                   
00000170  TA0R                    
00000192  TA1CCR0                 
00000194  TA1CCR1                 
00000196  TA1CCR2                 
00000182  TA1CCTL0                
00000184  TA1CCTL1                
00000186  TA1CCTL2                
00000180  TA1CTL                  
0000011e  TA1IV                   
00000190  TA1R                    
000010db  TLV_ADC10_1_LEN         
000010da  TLV_ADC10_1_TAG         
000010c0  TLV_CHECKSUM            
000010f7  TLV_DCO_30_LEN          
000010f6  TLV_DCO_30_TAG          
0000005d  UCA0ABCTL               
00000062  UCA0BR0                 
00000063  UCA0BR1                 
00000060  UCA0CTL0                
00000061  UCA0CTL1                
0000005f  UCA0IRRCTL              
0000005e  UCA0IRTCTL              
00000064  UCA0MCTL                
00000066  UCA0RXBUF               
00000065  UCA0STAT                
00000067  UCA0TXBUF               
0000006a  UCB0BR0                 
0000006b  UCB0BR1                 
00000068  UCB0CTL0                
00000069  UCB0CTL1                
0000006c  UCB0I2CIE               
00000118  UCB0I2COA               
0000011a  UCB0I2CSA               
0000006e  UCB0RXBUF               
0000006d  UCB0STAT                
0000006f  UCB0TXBUF               
00000120  WDTCTL                  
0000c94c  WDT_ISR                 
00000400  __STACK_END             
00000050  __STACK_SIZE            
0000caac  __TI_CINIT_Base         
0000cab4  __TI_CINIT_Limit        
0000caa2  __TI_Handler_Table_Base 
0000caa8  __TI_Handler_Table_Limit
UNDEFED   __TI_INITARRAY_Base     
UNDEFED   __TI_INITARRAY_Limit    
0000c9e4  __TI_ISR_TRAP           
0000c988  __TI_decompress_none    
0000c9ea  __TI_decompress_rle24   
0000ffe0  __TI_int00              
0000ffe4  __TI_int02              
0000ffe6  __TI_int03              
0000ffea  __TI_int05              
0000ffec  __TI_int06              
0000ffee  __TI_int07              
0000fff0  __TI_int08              
0000fff2  __TI_int09              
0000fff4  __TI_int10              
0000fff6  __TI_int11              
0000fff8  __TI_int12              
0000fffa  __TI_int13              
0000fffc  __TI_int14              
0000c960  __TI_zero_init          
ffffffff  __binit__               
ffffffff  __c_args__              
0000c9b8  __mspabi_func_epilog_1  
0000c9b6  __mspabi_func_epilog_2  
0000c9b4  __mspabi_func_epilog_3  
0000c9b2  __mspabi_func_epilog_4  
0000c9b0  __mspabi_func_epilog_5  
0000c9ae  __mspabi_func_epilog_6  
0000c9ac  __mspabi_func_epilog_7  
0000c822  __mspabi_slli           
0000c84a  __mspabi_slli_1         
0000c838  __mspabi_slli_10        
0000c836  __mspabi_slli_11        
0000c834  __mspabi_slli_12        
0000c832  __mspabi_slli_13        
0000c830  __mspabi_slli_14        
0000c82e  __mspabi_slli_15        
0000c848  __mspabi_slli_2         
0000c846  __mspabi_slli_3         
0000c844  __mspabi_slli_4         
0000c842  __mspabi_slli_5         
0000c840  __mspabi_slli_6         
0000c83e  __mspabi_slli_7         
0000c83c  __mspabi_slli_8         
0000c83a  __mspabi_slli_9         
0000c4b4  _auto_init              
0000c8fe  _c_int00_noargs_noexit  
0000fffe  _reset_vector           
000003b0  _stack                  
0000c9f6  _system_pre_init        
0000c9fa  abort                   
ffffffff  binit                   
0000c64e  cc112xSpiReadReg        
0000c9bc  cc112xSpiReadRxFifo     
0000c69a  cc112xSpiWriteReg       
0000c600  exp430RfSpiInit         
00000224  gpio0                   
00000222  gpio2                   
00000220  gpio3                   
0000c918  halButtonInit           
0000c932  halButtonInterruptEnable
0000c7b6  halDigio2IntClear       
0000c6e6  halDigio2IntConnect     
0000c7ec  halDigio2IntEnable      
0000c3ec  halDigio2IntSetEdge     
0000c8e2  halInitMCU              
0000c9ca  halLedInit              
0000c9f0  halLedToggle            
0000c8a4  main                    
0000c99a  memcpy                  
0000c974  memset                  
0000c2b4  port1_ISR               
0000c31e  port2_ISR               
0000c50c  trx16BitRegAccess       
0000c732  trx8BitRegAccess        
0000c560  trxClearIntFlag         
0000c5b0  trxEnableInt            
0000c450  trxIsrConnect           
0000c84e  trxSpiCmdStrobe         


GLOBAL SYMBOLS: SORTED BY Symbol Address 

address   name                    
-------   ----                    
00000000  IE1                     
00000001  IE2                     
00000002  IFG1                    
00000003  IFG2                    
00000010  P3REN                   
00000018  P3IN                    
00000019  P3OUT                   
0000001a  P3DIR                   
0000001b  P3SEL                   
00000020  P1IN                    
00000021  P1OUT                   
00000022  P1DIR                   
00000023  P1IFG                   
00000024  P1IES                   
00000025  P1IE                    
00000026  P1SEL                   
00000027  P1REN                   
00000028  P2IN                    
00000029  P2OUT                   
0000002a  P2DIR                   
0000002b  P2IFG                   
0000002c  P2IES                   
0000002d  P2IE                    
0000002e  P2SEL                   
0000002f  P2REN                   
00000041  P1SEL2                  
00000042  P2SEL2                  
00000043  P3SEL2                  
00000048  ADC10DTC0               
00000049  ADC10DTC1               
0000004a  ADC10AE0                
00000050  __STACK_SIZE            
00000053  BCSCTL3                 
00000056  DCOCTL                  
00000057  BCSCTL1                 
00000058  BCSCTL2                 
00000059  CACTL1                  
0000005a  CACTL2                  
0000005b  CAPD                    
0000005d  UCA0ABCTL               
0000005e  UCA0IRTCTL              
0000005f  UCA0IRRCTL              
00000060  UCA0CTL0                
00000061  UCA0CTL1                
00000062  UCA0BR0                 
00000063  UCA0BR1                 
00000064  UCA0MCTL                
00000065  UCA0STAT                
00000066  UCA0RXBUF               
00000067  UCA0TXBUF               
00000068  UCB0CTL0                
00000069  UCB0CTL1                
0000006a  UCB0BR0                 
0000006b  UCB0BR1                 
0000006c  UCB0I2CIE               
0000006d  UCB0STAT                
0000006e  UCB0RXBUF               
0000006f  UCB0TXBUF               
00000118  UCB0I2COA               
0000011a  UCB0I2CSA               
0000011e  TA1IV                   
00000120  WDTCTL                  
00000128  FCTL1                   
0000012a  FCTL2                   
0000012c  FCTL3                   
0000012e  TA0IV                   
00000160  TA0CTL                  
00000162  TA0CCTL0                
00000164  TA0CCTL1                
00000166  TA0CCTL2                
00000170  TA0R                    
00000172  TA0CCR0                 
00000174  TA0CCR1                 
00000176  TA0CCR2                 
00000180  TA1CTL                  
00000182  TA1CCTL0                
00000184  TA1CCTL1                
00000186  TA1CCTL2                
00000190  TA1R                    
00000192  TA1CCR0                 
00000194  TA1CCR1                 
00000196  TA1CCR2                 
000001b0  ADC10CTL0               
000001b2  ADC10CTL1               
000001b4  ADC10MEM                
000001bc  ADC10SA                 
00000220  gpio3                   
00000222  gpio2                   
00000224  gpio0                   
000003b0  _stack                  
00000400  __STACK_END             
000010c0  TLV_CHECKSUM            
000010da  TLV_ADC10_1_TAG         
000010db  TLV_ADC10_1_LEN         
000010f6  TLV_DCO_30_TAG          
000010f7  TLV_DCO_30_LEN          
000010f8  CALDCO_16MHZ            
000010f9  CALBC1_16MHZ            
000010fa  CALDCO_12MHZ            
000010fb  CALBC1_12MHZ            
000010fc  CALDCO_8MHZ             
000010fd  CALBC1_8MHZ             
000010fe  CALDCO_1MHZ             
000010ff  CALBC1_1MHZ             
0000c2b4  port1_ISR               
0000c31e  port2_ISR               
0000c3ec  halDigio2IntSetEdge     
0000c450  trxIsrConnect           
0000c4b4  _auto_init              
0000c50c  trx16BitRegAccess       
0000c560  trxClearIntFlag         
0000c5b0  trxEnableInt            
0000c600  exp430RfSpiInit         
0000c64e  cc112xSpiReadReg        
0000c69a  cc112xSpiWriteReg       
0000c6e6  halDigio2IntConnect     
0000c732  trx8BitRegAccess        
0000c7b6  halDigio2IntClear       
0000c7ec  halDigio2IntEnable      
0000c822  __mspabi_slli           
0000c82e  __mspabi_slli_15        
0000c830  __mspabi_slli_14        
0000c832  __mspabi_slli_13        
0000c834  __mspabi_slli_12        
0000c836  __mspabi_slli_11        
0000c838  __mspabi_slli_10        
0000c83a  __mspabi_slli_9         
0000c83c  __mspabi_slli_8         
0000c83e  __mspabi_slli_7         
0000c840  __mspabi_slli_6         
0000c842  __mspabi_slli_5         
0000c844  __mspabi_slli_4         
0000c846  __mspabi_slli_3         
0000c848  __mspabi_slli_2         
0000c84a  __mspabi_slli_1         
0000c84e  trxSpiCmdStrobe         
0000c8a4  main                    
0000c8e2  halInitMCU              
0000c8fe  _c_int00_noargs_noexit  
0000c918  halButtonInit           
0000c932  halButtonInterruptEnable
0000c94c  WDT_ISR                 
0000c960  __TI_zero_init          
0000c974  memset                  
0000c988  __TI_decompress_none    
0000c99a  memcpy                  
0000c9ac  __mspabi_func_epilog_7  
0000c9ae  __mspabi_func_epilog_6  
0000c9b0  __mspabi_func_epilog_5  
0000c9b2  __mspabi_func_epilog_4  
0000c9b4  __mspabi_func_epilog_3  
0000c9b6  __mspabi_func_epilog_2  
0000c9b8  __mspabi_func_epilog_1  
0000c9bc  cc112xSpiReadRxFifo     
0000c9ca  halLedInit              
0000c9e4  __TI_ISR_TRAP           
0000c9ea  __TI_decompress_rle24   
0000c9f0  halLedToggle            
0000c9f6  _system_pre_init        
0000c9fa  C$$EXIT                 
0000c9fa  abort                   
0000caa2  __TI_Handler_Table_Base 
0000caa8  __TI_Handler_Table_Limit
0000caac  __TI_CINIT_Base         
0000cab4  __TI_CINIT_Limit        
0000ffe0  __TI_int00              
0000ffe4  __TI_int02              
0000ffe6  __TI_int03              
0000ffea  __TI_int05              
0000ffec  __TI_int06              
0000ffee  __TI_int07              
0000fff0  __TI_int08              
0000fff2  __TI_int09              
0000fff4  __TI_int10              
0000fff6  __TI_int11              
0000fff8  __TI_int12              
0000fffa  __TI_int13              
0000fffc  __TI_int14              
0000fffe  _reset_vector           
ffffffff  __binit__               
ffffffff  __c_args__              
ffffffff  binit                   
UNDEFED   __TI_INITARRAY_Base     
UNDEFED   __TI_INITARRAY_Limit    

[184 symbols]
