<?xml version="1.0"?>
<link_info>
   <banner>MSP430 Linker PC v4.4.5</banner>
   <copyright>Copyright (c) 2003-2015 Texas Instruments Incorporated</copyright>
   <link_time>0x56711b14</link_time>
   <link_errors>0x0</link_errors>
   <output_file>MSP430_CC1120_RXCODE.out</output_file>
   <entry_point>
      <name>_c_int00_noargs_noexit</name>
      <address>0xc8ae</address>
   </entry_point>
   <input_file_list>
      <input_file id="fl-2">
         <path>.\</path>
         <kind>object</kind>
         <file>cc1120_vchip_easy_link_rx.obj</file>
         <name>cc1120_vchip_easy_link_rx.obj</name>
      </input_file>
      <input_file id="fl-3">
         <path>.\</path>
         <kind>object</kind>
         <file>cc112x_spi.obj</file>
         <name>cc112x_spi.obj</name>
      </input_file>
      <input_file id="fl-4">
         <path>.\</path>
         <kind>object</kind>
         <file>hal_board.obj</file>
         <name>hal_board.obj</name>
      </input_file>
      <input_file id="fl-5">
         <path>.\</path>
         <kind>object</kind>
         <file>hal_digio2.obj</file>
         <name>hal_digio2.obj</name>
      </input_file>
      <input_file id="fl-6">
         <path>.\</path>
         <kind>object</kind>
         <file>hal_int.obj</file>
         <name>hal_int.obj</name>
      </input_file>
      <input_file id="fl-7">
         <path>.\</path>
         <kind>object</kind>
         <file>hal_int_rf_msp_exp430g2.obj</file>
         <name>hal_int_rf_msp_exp430g2.obj</name>
      </input_file>
      <input_file id="fl-8">
         <path>.\</path>
         <kind>object</kind>
         <file>hal_msp_exp430g2_spi.obj</file>
         <name>hal_msp_exp430g2_spi.obj</name>
      </input_file>
      <input_file id="fl-37">
         <path>E:\TI\ccsv6\tools\compiler\ti-cgt-msp430_4.4.5\lib\</path>
         <kind>archive</kind>
         <file>rts430_eabi.lib</file>
         <name>asr16.obj</name>
      </input_file>
      <input_file id="fl-38">
         <path>E:\TI\ccsv6\tools\compiler\ti-cgt-msp430_4.4.5\lib\</path>
         <kind>archive</kind>
         <file>rts430_eabi.lib</file>
         <name>boot.obj</name>
      </input_file>
      <input_file id="fl-39">
         <path>E:\TI\ccsv6\tools\compiler\ti-cgt-msp430_4.4.5\lib\</path>
         <kind>archive</kind>
         <file>rts430_eabi.lib</file>
         <name>boot_special.obj</name>
      </input_file>
      <input_file id="fl-3a">
         <path>E:\TI\ccsv6\tools\compiler\ti-cgt-msp430_4.4.5\lib\</path>
         <kind>archive</kind>
         <file>rts430_eabi.lib</file>
         <name>copy_decompress_none.obj</name>
      </input_file>
      <input_file id="fl-3b">
         <path>E:\TI\ccsv6\tools\compiler\ti-cgt-msp430_4.4.5\lib\</path>
         <kind>archive</kind>
         <file>rts430_eabi.lib</file>
         <name>copy_decompress_rle.obj</name>
      </input_file>
      <input_file id="fl-3c">
         <path>E:\TI\ccsv6\tools\compiler\ti-cgt-msp430_4.4.5\lib\</path>
         <kind>archive</kind>
         <file>rts430_eabi.lib</file>
         <name>copy_zero_init.obj</name>
      </input_file>
      <input_file id="fl-3d">
         <path>E:\TI\ccsv6\tools\compiler\ti-cgt-msp430_4.4.5\lib\</path>
         <kind>archive</kind>
         <file>rts430_eabi.lib</file>
         <name>epilog.obj</name>
      </input_file>
      <input_file id="fl-3e">
         <path>E:\TI\ccsv6\tools\compiler\ti-cgt-msp430_4.4.5\lib\</path>
         <kind>archive</kind>
         <file>rts430_eabi.lib</file>
         <name>exit.obj</name>
      </input_file>
      <input_file id="fl-3f">
         <path>E:\TI\ccsv6\tools\compiler\ti-cgt-msp430_4.4.5\lib\</path>
         <kind>archive</kind>
         <file>rts430_eabi.lib</file>
         <name>exit_gvars.obj</name>
      </input_file>
      <input_file id="fl-40">
         <path>E:\TI\ccsv6\tools\compiler\ti-cgt-msp430_4.4.5\lib\</path>
         <kind>archive</kind>
         <file>rts430_eabi.lib</file>
         <name>int00.obj</name>
      </input_file>
      <input_file id="fl-41">
         <path>E:\TI\ccsv6\tools\compiler\ti-cgt-msp430_4.4.5\lib\</path>
         <kind>archive</kind>
         <file>rts430_eabi.lib</file>
         <name>int05.obj</name>
      </input_file>
      <input_file id="fl-42">
         <path>E:\TI\ccsv6\tools\compiler\ti-cgt-msp430_4.4.5\lib\</path>
         <kind>archive</kind>
         <file>rts430_eabi.lib</file>
         <name>int06.obj</name>
      </input_file>
      <input_file id="fl-43">
         <path>E:\TI\ccsv6\tools\compiler\ti-cgt-msp430_4.4.5\lib\</path>
         <kind>archive</kind>
         <file>rts430_eabi.lib</file>
         <name>int07.obj</name>
      </input_file>
      <input_file id="fl-44">
         <path>E:\TI\ccsv6\tools\compiler\ti-cgt-msp430_4.4.5\lib\</path>
         <kind>archive</kind>
         <file>rts430_eabi.lib</file>
         <name>int08.obj</name>
      </input_file>
      <input_file id="fl-45">
         <path>E:\TI\ccsv6\tools\compiler\ti-cgt-msp430_4.4.5\lib\</path>
         <kind>archive</kind>
         <file>rts430_eabi.lib</file>
         <name>int09.obj</name>
      </input_file>
      <input_file id="fl-46">
         <path>E:\TI\ccsv6\tools\compiler\ti-cgt-msp430_4.4.5\lib\</path>
         <kind>archive</kind>
         <file>rts430_eabi.lib</file>
         <name>int11.obj</name>
      </input_file>
      <input_file id="fl-47">
         <path>E:\TI\ccsv6\tools\compiler\ti-cgt-msp430_4.4.5\lib\</path>
         <kind>archive</kind>
         <file>rts430_eabi.lib</file>
         <name>int12.obj</name>
      </input_file>
      <input_file id="fl-48">
         <path>E:\TI\ccsv6\tools\compiler\ti-cgt-msp430_4.4.5\lib\</path>
         <kind>archive</kind>
         <file>rts430_eabi.lib</file>
         <name>int13.obj</name>
      </input_file>
      <input_file id="fl-49">
         <path>E:\TI\ccsv6\tools\compiler\ti-cgt-msp430_4.4.5\lib\</path>
         <kind>archive</kind>
         <file>rts430_eabi.lib</file>
         <name>int14.obj</name>
      </input_file>
      <input_file id="fl-4a">
         <path>E:\TI\ccsv6\tools\compiler\ti-cgt-msp430_4.4.5\lib\</path>
         <kind>archive</kind>
         <file>rts430_eabi.lib</file>
         <name>isr_trap.obj</name>
      </input_file>
      <input_file id="fl-4b">
         <path>E:\TI\ccsv6\tools\compiler\ti-cgt-msp430_4.4.5\lib\</path>
         <kind>archive</kind>
         <file>rts430_eabi.lib</file>
         <name>lsl16.obj</name>
      </input_file>
      <input_file id="fl-4c">
         <path>E:\TI\ccsv6\tools\compiler\ti-cgt-msp430_4.4.5\lib\</path>
         <kind>archive</kind>
         <file>rts430_eabi.lib</file>
         <name>memcpy.obj</name>
      </input_file>
      <input_file id="fl-4d">
         <path>E:\TI\ccsv6\tools\compiler\ti-cgt-msp430_4.4.5\lib\</path>
         <kind>archive</kind>
         <file>rts430_eabi.lib</file>
         <name>memset.obj</name>
      </input_file>
      <input_file id="fl-4e">
         <path>E:\TI\ccsv6\tools\compiler\ti-cgt-msp430_4.4.5\lib\</path>
         <kind>archive</kind>
         <file>rts430_eabi.lib</file>
         <name>mpu_init.obj</name>
      </input_file>
      <input_file id="fl-4f">
         <path>E:\TI\ccsv6\tools\compiler\ti-cgt-msp430_4.4.5\lib\</path>
         <kind>archive</kind>
         <file>rts430_eabi.lib</file>
         <name>pre_init.obj</name>
      </input_file>
      <input_file id="fl-50">
         <path>E:\TI\ccsv6\tools\compiler\ti-cgt-msp430_4.4.5\lib\</path>
         <kind>archive</kind>
         <file>rts430_eabi.lib</file>
         <name>_lock.obj</name>
      </input_file>
      <input_file id="fl-51">
         <path>E:\TI\ccsv6\tools\compiler\ti-cgt-msp430_4.4.5\lib\</path>
         <kind>archive</kind>
         <file>rts430_eabi.lib</file>
         <name>args_main.obj</name>
      </input_file>
      <input_file id="fl-52">
         <path>E:\TI\ccsv6\tools\compiler\ti-cgt-msp430_4.4.5\lib\</path>
         <kind>archive</kind>
         <file>rts430_eabi.lib</file>
         <name>autoinit.obj</name>
      </input_file>
   </input_file_list>
   <object_component_list>
      <object_component id="oc-1e1">
         <name>.common:packetSemaphore</name>
         <uninitialized>true</uninitialized>
         <run_address>0x227</run_address>
         <size>0x1</size>
      </object_component>
      <object_component id="oc-201">
         <name>.common:buttonPressed</name>
         <uninitialized>true</uninitialized>
         <run_address>0x226</run_address>
         <size>0x1</size>
      </object_component>
      <object_component id="oc-8d">
         <name>.stack</name>
         <uninitialized>true</uninitialized>
         <run_address>0x3b0</run_address>
         <size>0x2</size>
         <input_file_ref idref="fl-38"/>
      </object_component>
      <object_component id="oc-28c">
         <name>.stack</name>
         <uninitialized>true</uninitialized>
         <run_address>0x3b0</run_address>
         <size>0x0</size>
      </object_component>
      <object_component id="oc-1db">
         <name>.text:manualCalibration</name>
         <load_address>0xc000</load_address>
         <run_address>0xc000</run_address>
         <size>0x17c</size>
         <input_file_ref idref="fl-2"/>
      </object_component>
      <object_component id="oc-169">
         <name>.text:runRX</name>
         <load_address>0xc17c</load_address>
         <run_address>0xc17c</run_address>
         <size>0xa2</size>
         <input_file_ref idref="fl-2"/>
      </object_component>
      <object_component id="oc-23e">
         <name>.text:trxReadWriteBurstSingle</name>
         <load_address>0xc21e</load_address>
         <run_address>0xc21e</run_address>
         <size>0x74</size>
         <input_file_ref idref="fl-8"/>
      </object_component>
      <object_component id="oc-b0">
         <name>.text:port1_ISR</name>
         <load_address>0xc292</load_address>
         <run_address>0xc292</run_address>
         <size>0x6a</size>
         <input_file_ref idref="fl-5"/>
      </object_component>
      <object_component id="oc-b6">
         <name>.text:port2_ISR</name>
         <load_address>0xc2fc</load_address>
         <run_address>0xc2fc</run_address>
         <size>0x6a</size>
         <input_file_ref idref="fl-5"/>
      </object_component>
      <object_component id="oc-9e">
         <name>.text:__TI_decompress_rle_core</name>
         <load_address>0xc366</load_address>
         <run_address>0xc366</run_address>
         <size>0x64</size>
         <input_file_ref idref="fl-3b"/>
      </object_component>
      <object_component id="oc-229">
         <name>.text:halDigio2IntSetEdge</name>
         <load_address>0xc3ca</load_address>
         <run_address>0xc3ca</run_address>
         <size>0x64</size>
         <input_file_ref idref="fl-5"/>
      </object_component>
      <object_component id="oc-1cf">
         <name>.text:trxIsrConnect</name>
         <load_address>0xc42e</load_address>
         <run_address>0xc42e</run_address>
         <size>0x64</size>
         <input_file_ref idref="fl-7"/>
      </object_component>
      <object_component id="oc-cf">
         <name>.text:_auto_init</name>
         <load_address>0xc492</load_address>
         <run_address>0xc492</run_address>
         <size>0x58</size>
         <input_file_ref idref="fl-52"/>
      </object_component>
      <object_component id="oc-20f">
         <name>.text:trx16BitRegAccess</name>
         <load_address>0xc4ea</load_address>
         <run_address>0xc4ea</run_address>
         <size>0x54</size>
         <input_file_ref idref="fl-8"/>
      </object_component>
      <object_component id="oc-21f">
         <name>.text:trxClearIntFlag</name>
         <load_address>0xc53e</load_address>
         <run_address>0xc53e</run_address>
         <size>0x50</size>
         <input_file_ref idref="fl-7"/>
      </object_component>
      <object_component id="oc-1d5">
         <name>.text:trxEnableInt</name>
         <load_address>0xc58e</load_address>
         <run_address>0xc58e</run_address>
         <size>0x50</size>
         <input_file_ref idref="fl-7"/>
      </object_component>
      <object_component id="oc-15d">
         <name>.text:exp430RfSpiInit</name>
         <load_address>0xc5de</load_address>
         <run_address>0xc5de</run_address>
         <size>0x4e</size>
         <input_file_ref idref="fl-8"/>
      </object_component>
      <object_component id="oc-1e2">
         <name>.text:cc112xSpiReadReg</name>
         <load_address>0xc62c</load_address>
         <run_address>0xc62c</run_address>
         <size>0x4c</size>
         <input_file_ref idref="fl-3"/>
      </object_component>
      <object_component id="oc-1bc">
         <name>.text:cc112xSpiWriteReg</name>
         <load_address>0xc678</load_address>
         <run_address>0xc678</run_address>
         <size>0x4c</size>
         <input_file_ref idref="fl-3"/>
      </object_component>
      <object_component id="oc-1ab">
         <name>.text:halDigio2IntConnect</name>
         <load_address>0xc6c4</load_address>
         <run_address>0xc6c4</run_address>
         <size>0x4c</size>
         <input_file_ref idref="fl-5"/>
      </object_component>
      <object_component id="oc-215">
         <name>.text:trx8BitRegAccess</name>
         <load_address>0xc710</load_address>
         <run_address>0xc710</run_address>
         <size>0x44</size>
         <input_file_ref idref="fl-8"/>
      </object_component>
      <object_component id="oc-163">
         <name>.text:registerConfig</name>
         <load_address>0xc754</load_address>
         <run_address>0xc754</run_address>
         <size>0x40</size>
         <input_file_ref idref="fl-2"/>
      </object_component>
      <object_component id="oc-205">
         <name>.text:halDigio2IntClear</name>
         <load_address>0xc794</load_address>
         <run_address>0xc794</run_address>
         <size>0x36</size>
         <input_file_ref idref="fl-5"/>
      </object_component>
      <object_component id="oc-230">
         <name>.text:halDigio2IntEnable</name>
         <load_address>0xc7ca</load_address>
         <run_address>0xc7ca</run_address>
         <size>0x36</size>
         <input_file_ref idref="fl-5"/>
      </object_component>
      <object_component id="oc-11b">
         <name>.text</name>
         <load_address>0xc800</load_address>
         <run_address>0xc800</run_address>
         <size>0x2c</size>
         <input_file_ref idref="fl-4b"/>
      </object_component>
      <object_component id="oc-1b3">
         <name>.text:trxSpiCmdStrobe</name>
         <load_address>0xc82c</load_address>
         <run_address>0xc82c</run_address>
         <size>0x2c</size>
         <input_file_ref idref="fl-8"/>
      </object_component>
      <object_component id="oc-e9">
         <name>.text:main</name>
         <load_address>0xc858</load_address>
         <run_address>0xc858</run_address>
         <size>0x1e</size>
         <input_file_ref idref="fl-2"/>
      </object_component>
      <object_component id="oc-1a5">
         <name>.text:buttonPressedISR</name>
         <load_address>0xc876</load_address>
         <run_address>0xc876</run_address>
         <size>0x1c</size>
         <input_file_ref idref="fl-4"/>
      </object_component>
      <object_component id="oc-145">
         <name>.text:halInitMCU</name>
         <load_address>0xc892</load_address>
         <run_address>0xc892</run_address>
         <size>0x1c</size>
         <input_file_ref idref="fl-4"/>
      </object_component>
      <object_component id="oc-69">
         <name>.text:_c_int00_noargs_noexit</name>
         <load_address>0xc8ae</load_address>
         <run_address>0xc8ae</run_address>
         <size>0x1a</size>
         <input_file_ref idref="fl-39"/>
      </object_component>
      <object_component id="oc-151">
         <name>.text:halButtonInit</name>
         <load_address>0xc8c8</load_address>
         <run_address>0xc8c8</run_address>
         <size>0x1a</size>
         <input_file_ref idref="fl-4"/>
      </object_component>
      <object_component id="oc-157">
         <name>.text:halButtonInterruptEnable</name>
         <load_address>0xc8e2</load_address>
         <run_address>0xc8e2</run_address>
         <size>0x1a</size>
         <input_file_ref idref="fl-4"/>
      </object_component>
      <object_component id="oc-bc">
         <name>.text:WDT_ISR</name>
         <load_address>0xc8fc</load_address>
         <run_address>0xc8fc</run_address>
         <size>0x14</size>
         <input_file_ref idref="fl-4"/>
      </object_component>
      <object_component id="oc-4b">
         <name>.text:decompress:ZI:__TI_zero_init</name>
         <load_address>0xc910</load_address>
         <run_address>0xc910</run_address>
         <size>0x14</size>
         <input_file_ref idref="fl-3c"/>
      </object_component>
      <object_component id="oc-1c3">
         <name>.text:memset</name>
         <load_address>0xc924</load_address>
         <run_address>0xc924</run_address>
         <size>0x14</size>
         <input_file_ref idref="fl-4d"/>
      </object_component>
      <object_component id="oc-32">
         <name>.text:decompress:none:__TI_decompress_none</name>
         <load_address>0xc938</load_address>
         <run_address>0xc938</run_address>
         <size>0x12</size>
         <input_file_ref idref="fl-3a"/>
      </object_component>
      <object_component id="oc-91">
         <name>.text:memcpy</name>
         <load_address>0xc94a</load_address>
         <run_address>0xc94a</run_address>
         <size>0x12</size>
         <input_file_ref idref="fl-4c"/>
      </object_component>
      <object_component id="oc-112">
         <name>.text</name>
         <load_address>0xc95c</load_address>
         <run_address>0xc95c</run_address>
         <size>0x10</size>
         <input_file_ref idref="fl-3d"/>
      </object_component>
      <object_component id="oc-1e8">
         <name>.text:cc112xSpiReadRxFifo</name>
         <load_address>0xc96c</load_address>
         <run_address>0xc96c</run_address>
         <size>0xe</size>
         <input_file_ref idref="fl-3"/>
      </object_component>
      <object_component id="oc-14b">
         <name>.text:halLedInit</name>
         <load_address>0xc97a</load_address>
         <run_address>0xc97a</run_address>
         <size>0xe</size>
         <input_file_ref idref="fl-4"/>
      </object_component>
      <object_component id="oc-1c9">
         <name>.text:radioRxTxISR</name>
         <load_address>0xc988</load_address>
         <run_address>0xc988</run_address>
         <size>0xc</size>
         <input_file_ref idref="fl-2"/>
      </object_component>
      <object_component id="oc-ab">
         <name>.text:_isr:__TI_ISR_TRAP</name>
         <load_address>0xc994</load_address>
         <run_address>0xc994</run_address>
         <size>0x6</size>
         <input_file_ref idref="fl-4a"/>
      </object_component>
      <object_component id="oc-38">
         <name>.text:decompress:rle24:__TI_decompress_rle24</name>
         <load_address>0xc99a</load_address>
         <run_address>0xc99a</run_address>
         <size>0x6</size>
         <input_file_ref idref="fl-3b"/>
      </object_component>
      <object_component id="oc-1ee">
         <name>.text:halLedToggle</name>
         <load_address>0xc9a0</load_address>
         <run_address>0xc9a0</run_address>
         <size>0x6</size>
         <input_file_ref idref="fl-4"/>
      </object_component>
      <object_component id="oc-c9">
         <name>.text:_system_pre_init</name>
         <load_address>0xc9a6</load_address>
         <run_address>0xc9a6</run_address>
         <size>0x4</size>
         <input_file_ref idref="fl-4f"/>
      </object_component>
      <object_component id="oc-f1">
         <name>.text:abort</name>
         <load_address>0xc9aa</load_address>
         <run_address>0xc9aa</run_address>
         <size>0x4</size>
         <input_file_ref idref="fl-3e"/>
      </object_component>
      <object_component id="oc-28b">
         <name>.cinit..data.load</name>
         <load_address>0xca42</load_address>
         <run_address>0xca42</run_address>
         <size>0xf</size>
      </object_component>
      <object_component id="oc-288">
         <name>__TI_handler_table</name>
         <load_address>0xca52</load_address>
         <run_address>0xca52</run_address>
         <size>0x6</size>
      </object_component>
      <object_component id="oc-28a">
         <name>.cinit..bss.load</name>
         <load_address>0xca58</load_address>
         <run_address>0xca58</run_address>
         <size>0x4</size>
      </object_component>
      <object_component id="oc-289">
         <name>__TI_cinit_table</name>
         <load_address>0xca5c</load_address>
         <run_address>0xca5c</run_address>
         <size>0x8</size>
      </object_component>
      <object_component id="oc-1b9">
         <name>.const:preferredSettings</name>
         <load_address>0xc9ae</load_address>
         <run_address>0xc9ae</run_address>
         <size>0x94</size>
         <input_file_ref idref="fl-2"/>
      </object_component>
      <object_component id="oc-3e">
         <name>.int00</name>
         <load_address>0xffe0</load_address>
         <run_address>0xffe0</run_address>
         <size>0x2</size>
         <input_file_ref idref="fl-40"/>
      </object_component>
      <object_component id="oc-3f">
         <name>.int02</name>
         <load_address>0xffe4</load_address>
         <run_address>0xffe4</run_address>
         <size>0x2</size>
         <input_file_ref idref="fl-5"/>
      </object_component>
      <object_component id="oc-40">
         <name>.int03</name>
         <load_address>0xffe6</load_address>
         <run_address>0xffe6</run_address>
         <size>0x2</size>
         <input_file_ref idref="fl-5"/>
      </object_component>
      <object_component id="oc-41">
         <name>.int05</name>
         <load_address>0xffea</load_address>
         <run_address>0xffea</run_address>
         <size>0x2</size>
         <input_file_ref idref="fl-41"/>
      </object_component>
      <object_component id="oc-42">
         <name>.int06</name>
         <load_address>0xffec</load_address>
         <run_address>0xffec</run_address>
         <size>0x2</size>
         <input_file_ref idref="fl-42"/>
      </object_component>
      <object_component id="oc-43">
         <name>.int07</name>
         <load_address>0xffee</load_address>
         <run_address>0xffee</run_address>
         <size>0x2</size>
         <input_file_ref idref="fl-43"/>
      </object_component>
      <object_component id="oc-44">
         <name>.int08</name>
         <load_address>0xfff0</load_address>
         <run_address>0xfff0</run_address>
         <size>0x2</size>
         <input_file_ref idref="fl-44"/>
      </object_component>
      <object_component id="oc-45">
         <name>.int09</name>
         <load_address>0xfff2</load_address>
         <run_address>0xfff2</run_address>
         <size>0x2</size>
         <input_file_ref idref="fl-45"/>
      </object_component>
      <object_component id="oc-46">
         <name>.int10</name>
         <load_address>0xfff4</load_address>
         <run_address>0xfff4</run_address>
         <size>0x2</size>
         <input_file_ref idref="fl-4"/>
      </object_component>
      <object_component id="oc-47">
         <name>.int11</name>
         <load_address>0xfff6</load_address>
         <run_address>0xfff6</run_address>
         <size>0x2</size>
         <input_file_ref idref="fl-46"/>
      </object_component>
      <object_component id="oc-48">
         <name>.int12</name>
         <load_address>0xfff8</load_address>
         <run_address>0xfff8</run_address>
         <size>0x2</size>
         <input_file_ref idref="fl-47"/>
      </object_component>
      <object_component id="oc-49">
         <name>.int13</name>
         <load_address>0xfffa</load_address>
         <run_address>0xfffa</run_address>
         <size>0x2</size>
         <input_file_ref idref="fl-48"/>
      </object_component>
      <object_component id="oc-4a">
         <name>.int14</name>
         <load_address>0xfffc</load_address>
         <run_address>0xfffc</run_address>
         <size>0x2</size>
         <input_file_ref idref="fl-49"/>
      </object_component>
      <object_component id="oc-90">
         <name>.reset</name>
         <load_address>0xfffe</load_address>
         <run_address>0xfffe</run_address>
         <size>0x2</size>
         <input_file_ref idref="fl-38"/>
      </object_component>
      <object_component id="oc-120">
         <name>.data:port1_isr_tbl</name>
         <load_address>0x200</load_address>
         <run_address>0x200</run_address>
         <size>0x10</size>
         <input_file_ref idref="fl-5"/>
      </object_component>
      <object_component id="oc-12a">
         <name>.data:port2_isr_tbl</name>
         <load_address>0x210</load_address>
         <run_address>0x210</run_address>
         <size>0x10</size>
         <input_file_ref idref="fl-5"/>
      </object_component>
      <object_component id="oc-226">
         <name>.data</name>
         <load_address>0x220</load_address>
         <run_address>0x220</run_address>
         <size>0x6</size>
         <input_file_ref idref="fl-7"/>
      </object_component>
      <object_component id="oc-177">
         <name>.debug_info</name>
         <load_address>0x0</load_address>
         <run_address>0x0</run_address>
         <size>0x478</size>
         <input_file_ref idref="fl-2"/>
      </object_component>
      <object_component id="oc-1ba">
         <name>.debug_info</name>
         <load_address>0x478</load_address>
         <run_address>0x478</run_address>
         <size>0xfe</size>
         <input_file_ref idref="fl-2"/>
      </object_component>
      <object_component id="oc-ea">
         <name>.debug_info</name>
         <load_address>0x576</load_address>
         <run_address>0x576</run_address>
         <size>0x1c5</size>
         <input_file_ref idref="fl-2"/>
      </object_component>
      <object_component id="oc-16a">
         <name>.debug_info</name>
         <load_address>0x73b</load_address>
         <run_address>0x73b</run_address>
         <size>0x26d</size>
         <input_file_ref idref="fl-2"/>
      </object_component>
      <object_component id="oc-1ca">
         <name>.debug_info</name>
         <load_address>0x9a8</load_address>
         <run_address>0x9a8</run_address>
         <size>0x15e</size>
         <input_file_ref idref="fl-2"/>
      </object_component>
      <object_component id="oc-164">
         <name>.debug_info</name>
         <load_address>0xb06</load_address>
         <run_address>0xb06</run_address>
         <size>0x1a1</size>
         <input_file_ref idref="fl-2"/>
      </object_component>
      <object_component id="oc-1dc">
         <name>.debug_info</name>
         <load_address>0xca7</load_address>
         <run_address>0xca7</run_address>
         <size>0x42e</size>
         <input_file_ref idref="fl-2"/>
      </object_component>
      <object_component id="oc-1f7">
         <name>.debug_info</name>
         <load_address>0x10d5</load_address>
         <run_address>0x10d5</run_address>
         <size>0x6b</size>
         <input_file_ref idref="fl-2"/>
      </object_component>
      <object_component id="oc-17b">
         <name>.debug_info</name>
         <load_address>0x1140</load_address>
         <run_address>0x1140</run_address>
         <size>0x5e</size>
         <input_file_ref idref="fl-2"/>
      </object_component>
      <object_component id="oc-ff">
         <name>.debug_info</name>
         <load_address>0x119e</load_address>
         <run_address>0x119e</run_address>
         <size>0x84</size>
         <input_file_ref idref="fl-2"/>
      </object_component>
      <object_component id="oc-124">
         <name>.debug_info</name>
         <load_address>0x1222</load_address>
         <run_address>0x1222</run_address>
         <size>0x94</size>
         <input_file_ref idref="fl-2"/>
      </object_component>
      <object_component id="oc-21c">
         <name>.debug_info</name>
         <load_address>0x12b6</load_address>
         <run_address>0x12b6</run_address>
         <size>0x23a</size>
         <input_file_ref idref="fl-3"/>
      </object_component>
      <object_component id="oc-1e3">
         <name>.debug_info</name>
         <load_address>0x14f0</load_address>
         <run_address>0x14f0</run_address>
         <size>0x283</size>
         <input_file_ref idref="fl-3"/>
      </object_component>
      <object_component id="oc-1bd">
         <name>.debug_info</name>
         <load_address>0x1773</load_address>
         <run_address>0x1773</run_address>
         <size>0x285</size>
         <input_file_ref idref="fl-3"/>
      </object_component>
      <object_component id="oc-1e9">
         <name>.debug_info</name>
         <load_address>0x19f8</load_address>
         <run_address>0x19f8</run_address>
         <size>0x21f</size>
         <input_file_ref idref="fl-3"/>
      </object_component>
      <object_component id="oc-202">
         <name>.debug_info</name>
         <load_address>0x1c17</load_address>
         <run_address>0x1c17</run_address>
         <size>0x37d</size>
         <input_file_ref idref="fl-4"/>
      </object_component>
      <object_component id="oc-146">
         <name>.debug_info</name>
         <load_address>0x1f94</load_address>
         <run_address>0x1f94</run_address>
         <size>0x1bd</size>
         <input_file_ref idref="fl-4"/>
      </object_component>
      <object_component id="oc-14c">
         <name>.debug_info</name>
         <load_address>0x2151</load_address>
         <run_address>0x2151</run_address>
         <size>0x1bd</size>
         <input_file_ref idref="fl-4"/>
      </object_component>
      <object_component id="oc-1ef">
         <name>.debug_info</name>
         <load_address>0x230e</load_address>
         <run_address>0x230e</run_address>
         <size>0x1eb</size>
         <input_file_ref idref="fl-4"/>
      </object_component>
      <object_component id="oc-152">
         <name>.debug_info</name>
         <load_address>0x24f9</load_address>
         <run_address>0x24f9</run_address>
         <size>0x1c3</size>
         <input_file_ref idref="fl-4"/>
      </object_component>
      <object_component id="oc-158">
         <name>.debug_info</name>
         <load_address>0x26bc</load_address>
         <run_address>0x26bc</run_address>
         <size>0x201</size>
         <input_file_ref idref="fl-4"/>
      </object_component>
      <object_component id="oc-1a6">
         <name>.debug_info</name>
         <load_address>0x28bd</load_address>
         <run_address>0x28bd</run_address>
         <size>0x1c8</size>
         <input_file_ref idref="fl-4"/>
      </object_component>
      <object_component id="oc-bd">
         <name>.debug_info</name>
         <load_address>0x2a85</load_address>
         <run_address>0x2a85</run_address>
         <size>0x1b8</size>
         <input_file_ref idref="fl-4"/>
      </object_component>
      <object_component id="oc-129">
         <name>.debug_info</name>
         <load_address>0x2c3d</load_address>
         <run_address>0x2c3d</run_address>
         <size>0x2e9</size>
         <input_file_ref idref="fl-5"/>
      </object_component>
      <object_component id="oc-121">
         <name>.debug_info</name>
         <load_address>0x2f26</load_address>
         <run_address>0x2f26</run_address>
         <size>0x11f</size>
         <input_file_ref idref="fl-5"/>
      </object_component>
      <object_component id="oc-12b">
         <name>.debug_info</name>
         <load_address>0x3045</load_address>
         <run_address>0x3045</run_address>
         <size>0x11f</size>
         <input_file_ref idref="fl-5"/>
      </object_component>
      <object_component id="oc-1ac">
         <name>.debug_info</name>
         <load_address>0x3164</load_address>
         <run_address>0x3164</run_address>
         <size>0x245</size>
         <input_file_ref idref="fl-5"/>
      </object_component>
      <object_component id="oc-231">
         <name>.debug_info</name>
         <load_address>0x33a9</load_address>
         <run_address>0x33a9</run_address>
         <size>0x23c</size>
         <input_file_ref idref="fl-5"/>
      </object_component>
      <object_component id="oc-206">
         <name>.debug_info</name>
         <load_address>0x35e5</load_address>
         <run_address>0x35e5</run_address>
         <size>0x23a</size>
         <input_file_ref idref="fl-5"/>
      </object_component>
      <object_component id="oc-22a">
         <name>.debug_info</name>
         <load_address>0x381f</load_address>
         <run_address>0x381f</run_address>
         <size>0x260</size>
         <input_file_ref idref="fl-5"/>
      </object_component>
      <object_component id="oc-b1">
         <name>.debug_info</name>
         <load_address>0x3a7f</load_address>
         <run_address>0x3a7f</run_address>
         <size>0x1fc</size>
         <input_file_ref idref="fl-5"/>
      </object_component>
      <object_component id="oc-b7">
         <name>.debug_info</name>
         <load_address>0x3c7b</load_address>
         <run_address>0x3c7b</run_address>
         <size>0x1fc</size>
         <input_file_ref idref="fl-5"/>
      </object_component>
      <object_component id="oc-227">
         <name>.debug_info</name>
         <load_address>0x3e77</load_address>
         <run_address>0x3e77</run_address>
         <size>0x153</size>
         <input_file_ref idref="fl-7"/>
      </object_component>
      <object_component id="oc-1d0">
         <name>.debug_info</name>
         <load_address>0x3fca</load_address>
         <run_address>0x3fca</run_address>
         <size>0x2c1</size>
         <input_file_ref idref="fl-7"/>
      </object_component>
      <object_component id="oc-220">
         <name>.debug_info</name>
         <load_address>0x428b</load_address>
         <run_address>0x428b</run_address>
         <size>0x26d</size>
         <input_file_ref idref="fl-7"/>
      </object_component>
      <object_component id="oc-1d6">
         <name>.debug_info</name>
         <load_address>0x44f8</load_address>
         <run_address>0x44f8</run_address>
         <size>0x268</size>
         <input_file_ref idref="fl-7"/>
      </object_component>
      <object_component id="oc-245">
         <name>.debug_info</name>
         <load_address>0x4760</load_address>
         <run_address>0x4760</run_address>
         <size>0x328</size>
         <input_file_ref idref="fl-8"/>
      </object_component>
      <object_component id="oc-15e">
         <name>.debug_info</name>
         <load_address>0x4a88</load_address>
         <run_address>0x4a88</run_address>
         <size>0x1e8</size>
         <input_file_ref idref="fl-8"/>
      </object_component>
      <object_component id="oc-216">
         <name>.debug_info</name>
         <load_address>0x4c70</load_address>
         <run_address>0x4c70</run_address>
         <size>0x2d7</size>
         <input_file_ref idref="fl-8"/>
      </object_component>
      <object_component id="oc-210">
         <name>.debug_info</name>
         <load_address>0x4f47</load_address>
         <run_address>0x4f47</run_address>
         <size>0x304</size>
         <input_file_ref idref="fl-8"/>
      </object_component>
      <object_component id="oc-1b4">
         <name>.debug_info</name>
         <load_address>0x524b</load_address>
         <run_address>0x524b</run_address>
         <size>0x217</size>
         <input_file_ref idref="fl-8"/>
      </object_component>
      <object_component id="oc-23f">
         <name>.debug_info</name>
         <load_address>0x5462</load_address>
         <run_address>0x5462</run_address>
         <size>0x269</size>
         <input_file_ref idref="fl-8"/>
      </object_component>
      <object_component id="oc-8e">
         <name>.debug_info</name>
         <load_address>0x56cb</load_address>
         <run_address>0x56cb</run_address>
         <size>0xd6</size>
         <input_file_ref idref="fl-38"/>
      </object_component>
      <object_component id="oc-6b">
         <name>.debug_info</name>
         <load_address>0x57a1</load_address>
         <run_address>0x57a1</run_address>
         <size>0x177</size>
         <input_file_ref idref="fl-39"/>
      </object_component>
      <object_component id="oc-9d">
         <name>.debug_info</name>
         <load_address>0x5918</load_address>
         <run_address>0x5918</run_address>
         <size>0x193</size>
         <input_file_ref idref="fl-3a"/>
      </object_component>
      <object_component id="oc-35">
         <name>.debug_info</name>
         <load_address>0x5aab</load_address>
         <run_address>0x5aab</run_address>
         <size>0x1c0</size>
         <input_file_ref idref="fl-3a"/>
      </object_component>
      <object_component id="oc-98">
         <name>.debug_info</name>
         <load_address>0x5c6b</load_address>
         <run_address>0x5c6b</run_address>
         <size>0x46</size>
         <input_file_ref idref="fl-3a"/>
      </object_component>
      <object_component id="oc-10b">
         <name>.debug_info</name>
         <load_address>0x5cb1</load_address>
         <run_address>0x5cb1</run_address>
         <size>0x2c</size>
         <input_file_ref idref="fl-3a"/>
      </object_component>
      <object_component id="oc-a5">
         <name>.debug_info</name>
         <load_address>0x5cdd</load_address>
         <run_address>0x5cdd</run_address>
         <size>0x155</size>
         <input_file_ref idref="fl-3b"/>
      </object_component>
      <object_component id="oc-9f">
         <name>.debug_info</name>
         <load_address>0x5e32</load_address>
         <run_address>0x5e32</run_address>
         <size>0x21b</size>
         <input_file_ref idref="fl-3b"/>
      </object_component>
      <object_component id="oc-3a">
         <name>.debug_info</name>
         <load_address>0x604d</load_address>
         <run_address>0x604d</run_address>
         <size>0x192</size>
         <input_file_ref idref="fl-3b"/>
      </object_component>
      <object_component id="oc-a6">
         <name>.debug_info</name>
         <load_address>0x61df</load_address>
         <run_address>0x61df</run_address>
         <size>0x39</size>
         <input_file_ref idref="fl-3b"/>
      </object_component>
      <object_component id="oc-c8">
         <name>.debug_info</name>
         <load_address>0x6218</load_address>
         <run_address>0x6218</run_address>
         <size>0x14b</size>
         <input_file_ref idref="fl-3c"/>
      </object_component>
      <object_component id="oc-4c">
         <name>.debug_info</name>
         <load_address>0x6363</load_address>
         <run_address>0x6363</run_address>
         <size>0x196</size>
         <input_file_ref idref="fl-3c"/>
      </object_component>
      <object_component id="oc-c3">
         <name>.debug_info</name>
         <load_address>0x64f9</load_address>
         <run_address>0x64f9</run_address>
         <size>0x46</size>
         <input_file_ref idref="fl-3c"/>
      </object_component>
      <object_component id="oc-106">
         <name>.debug_info</name>
         <load_address>0x653f</load_address>
         <run_address>0x653f</run_address>
         <size>0x2c</size>
         <input_file_ref idref="fl-3c"/>
      </object_component>
      <object_component id="oc-114">
         <name>.debug_info</name>
         <load_address>0x656b</load_address>
         <run_address>0x656b</run_address>
         <size>0x10b</size>
         <input_file_ref idref="fl-3d"/>
      </object_component>
      <object_component id="oc-f2">
         <name>.debug_info</name>
         <load_address>0x6676</load_address>
         <run_address>0x6676</run_address>
         <size>0xf8</size>
         <input_file_ref idref="fl-3e"/>
      </object_component>
      <object_component id="oc-ac">
         <name>.debug_info</name>
         <load_address>0x676e</load_address>
         <run_address>0x676e</run_address>
         <size>0xec</size>
         <input_file_ref idref="fl-4a"/>
      </object_component>
      <object_component id="oc-11c">
         <name>.debug_info</name>
         <load_address>0x685a</load_address>
         <run_address>0x685a</run_address>
         <size>0xfd</size>
         <input_file_ref idref="fl-4b"/>
      </object_component>
      <object_component id="oc-105">
         <name>.debug_info</name>
         <load_address>0x6957</load_address>
         <run_address>0x6957</run_address>
         <size>0x14e</size>
         <input_file_ref idref="fl-4c"/>
      </object_component>
      <object_component id="oc-92">
         <name>.debug_info</name>
         <load_address>0x6aa5</load_address>
         <run_address>0x6aa5</run_address>
         <size>0x172</size>
         <input_file_ref idref="fl-4c"/>
      </object_component>
      <object_component id="oc-21e">
         <name>.debug_info</name>
         <load_address>0x6c17</load_address>
         <run_address>0x6c17</run_address>
         <size>0x143</size>
         <input_file_ref idref="fl-4d"/>
      </object_component>
      <object_component id="oc-1c6">
         <name>.debug_info</name>
         <load_address>0x6d5a</load_address>
         <run_address>0x6d5a</run_address>
         <size>0x227</size>
         <input_file_ref idref="fl-4d"/>
      </object_component>
      <object_component id="oc-ca">
         <name>.debug_info</name>
         <load_address>0x6f81</load_address>
         <run_address>0x6f81</run_address>
         <size>0x129</size>
         <input_file_ref idref="fl-4f"/>
      </object_component>
      <object_component id="oc-133">
         <name>.debug_info</name>
         <load_address>0x70aa</load_address>
         <run_address>0x70aa</run_address>
         <size>0x2ca</size>
         <input_file_ref idref="fl-52"/>
      </object_component>
      <object_component id="oc-d0">
         <name>.debug_info</name>
         <load_address>0x7374</load_address>
         <run_address>0x7374</run_address>
         <size>0x17c</size>
         <input_file_ref idref="fl-52"/>
      </object_component>
      <object_component id="oc-184">
         <name>.debug_info</name>
         <load_address>0x74f0</load_address>
         <run_address>0x74f0</run_address>
         <size>0x39</size>
         <input_file_ref idref="fl-52"/>
      </object_component>
      <object_component id="oc-28d">
         <name>.debug_info</name>
         <load_address>0x7529</load_address>
         <run_address>0x7529</run_address>
         <size>0xae</size>
      </object_component>
      <object_component id="oc-1f6">
         <name>.debug_line</name>
         <load_address>0x0</load_address>
         <run_address>0x0</run_address>
         <size>0x1b3</size>
         <input_file_ref idref="fl-2"/>
      </object_component>
      <object_component id="oc-20e">
         <name>.debug_line</name>
         <load_address>0x1b3</load_address>
         <run_address>0x1b3</run_address>
         <size>0x4a</size>
         <input_file_ref idref="fl-2"/>
      </object_component>
      <object_component id="oc-ed">
         <name>.debug_line</name>
         <load_address>0x1fd</load_address>
         <run_address>0x1fd</run_address>
         <size>0x5b</size>
         <input_file_ref idref="fl-2"/>
      </object_component>
      <object_component id="oc-16d">
         <name>.debug_line</name>
         <load_address>0x258</load_address>
         <run_address>0x258</run_address>
         <size>0x7b</size>
         <input_file_ref idref="fl-2"/>
      </object_component>
      <object_component id="oc-1cd">
         <name>.debug_line</name>
         <load_address>0x2d3</load_address>
         <run_address>0x2d3</run_address>
         <size>0x59</size>
         <input_file_ref idref="fl-2"/>
      </object_component>
      <object_component id="oc-167">
         <name>.debug_line</name>
         <load_address>0x32c</load_address>
         <run_address>0x32c</run_address>
         <size>0x62</size>
         <input_file_ref idref="fl-2"/>
      </object_component>
      <object_component id="oc-1df">
         <name>.debug_line</name>
         <load_address>0x38e</load_address>
         <run_address>0x38e</run_address>
         <size>0x87</size>
         <input_file_ref idref="fl-2"/>
      </object_component>
      <object_component id="oc-1fa">
         <name>.debug_line</name>
         <load_address>0x415</load_address>
         <run_address>0x415</run_address>
         <size>0x75</size>
         <input_file_ref idref="fl-2"/>
      </object_component>
      <object_component id="oc-17e">
         <name>.debug_line</name>
         <load_address>0x48a</load_address>
         <run_address>0x48a</run_address>
         <size>0x68</size>
         <input_file_ref idref="fl-2"/>
      </object_component>
      <object_component id="oc-102">
         <name>.debug_line</name>
         <load_address>0x4f2</load_address>
         <run_address>0x4f2</run_address>
         <size>0x20</size>
         <input_file_ref idref="fl-2"/>
      </object_component>
      <object_component id="oc-127">
         <name>.debug_line</name>
         <load_address>0x512</load_address>
         <run_address>0x512</run_address>
         <size>0x5c</size>
         <input_file_ref idref="fl-2"/>
      </object_component>
      <object_component id="oc-248">
         <name>.debug_line</name>
         <load_address>0x56e</load_address>
         <run_address>0x56e</run_address>
         <size>0x75</size>
         <input_file_ref idref="fl-3"/>
      </object_component>
      <object_component id="oc-1e6">
         <name>.debug_line</name>
         <load_address>0x5e3</load_address>
         <run_address>0x5e3</run_address>
         <size>0x8b</size>
         <input_file_ref idref="fl-3"/>
      </object_component>
      <object_component id="oc-1c0">
         <name>.debug_line</name>
         <load_address>0x66e</load_address>
         <run_address>0x66e</run_address>
         <size>0x8c</size>
         <input_file_ref idref="fl-3"/>
      </object_component>
      <object_component id="oc-1ec">
         <name>.debug_line</name>
         <load_address>0x6fa</load_address>
         <run_address>0x6fa</run_address>
         <size>0x7c</size>
         <input_file_ref idref="fl-3"/>
      </object_component>
      <object_component id="oc-23c">
         <name>.debug_line</name>
         <load_address>0x776</load_address>
         <run_address>0x776</run_address>
         <size>0x12e</size>
         <input_file_ref idref="fl-4"/>
      </object_component>
      <object_component id="oc-149">
         <name>.debug_line</name>
         <load_address>0x8a4</load_address>
         <run_address>0x8a4</run_address>
         <size>0x81</size>
         <input_file_ref idref="fl-4"/>
      </object_component>
      <object_component id="oc-14f">
         <name>.debug_line</name>
         <load_address>0x925</load_address>
         <run_address>0x925</run_address>
         <size>0x7e</size>
         <input_file_ref idref="fl-4"/>
      </object_component>
      <object_component id="oc-1f2">
         <name>.debug_line</name>
         <load_address>0x9a3</load_address>
         <run_address>0x9a3</run_address>
         <size>0x80</size>
         <input_file_ref idref="fl-4"/>
      </object_component>
      <object_component id="oc-155">
         <name>.debug_line</name>
         <load_address>0xa23</load_address>
         <run_address>0xa23</run_address>
         <size>0x85</size>
         <input_file_ref idref="fl-4"/>
      </object_component>
      <object_component id="oc-15b">
         <name>.debug_line</name>
         <load_address>0xaa8</load_address>
         <run_address>0xaa8</run_address>
         <size>0x82</size>
         <input_file_ref idref="fl-4"/>
      </object_component>
      <object_component id="oc-1a9">
         <name>.debug_line</name>
         <load_address>0xb2a</load_address>
         <run_address>0xb2a</run_address>
         <size>0x85</size>
         <input_file_ref idref="fl-4"/>
      </object_component>
      <object_component id="oc-c0">
         <name>.debug_line</name>
         <load_address>0xbaf</load_address>
         <run_address>0xbaf</run_address>
         <size>0x83</size>
         <input_file_ref idref="fl-4"/>
      </object_component>
      <object_component id="oc-17a">
         <name>.debug_line</name>
         <load_address>0xc32</load_address>
         <run_address>0xc32</run_address>
         <size>0x9c</size>
         <input_file_ref idref="fl-5"/>
      </object_component>
      <object_component id="oc-176">
         <name>.debug_line</name>
         <load_address>0xcce</load_address>
         <run_address>0xcce</run_address>
         <size>0x6b</size>
         <input_file_ref idref="fl-5"/>
      </object_component>
      <object_component id="oc-181">
         <name>.debug_line</name>
         <load_address>0xd39</load_address>
         <run_address>0xd39</run_address>
         <size>0x6b</size>
         <input_file_ref idref="fl-5"/>
      </object_component>
      <object_component id="oc-1af">
         <name>.debug_line</name>
         <load_address>0xda4</load_address>
         <run_address>0xda4</run_address>
         <size>0x93</size>
         <input_file_ref idref="fl-5"/>
      </object_component>
      <object_component id="oc-234">
         <name>.debug_line</name>
         <load_address>0xe37</load_address>
         <run_address>0xe37</run_address>
         <size>0x92</size>
         <input_file_ref idref="fl-5"/>
      </object_component>
      <object_component id="oc-209">
         <name>.debug_line</name>
         <load_address>0xec9</load_address>
         <run_address>0xec9</run_address>
         <size>0x93</size>
         <input_file_ref idref="fl-5"/>
      </object_component>
      <object_component id="oc-22d">
         <name>.debug_line</name>
         <load_address>0xf5c</load_address>
         <run_address>0xf5c</run_address>
         <size>0xb5</size>
         <input_file_ref idref="fl-5"/>
      </object_component>
      <object_component id="oc-b4">
         <name>.debug_line</name>
         <load_address>0x1011</load_address>
         <run_address>0x1011</run_address>
         <size>0x96</size>
         <input_file_ref idref="fl-5"/>
      </object_component>
      <object_component id="oc-ba">
         <name>.debug_line</name>
         <load_address>0x10a7</load_address>
         <run_address>0x10a7</run_address>
         <size>0x96</size>
         <input_file_ref idref="fl-5"/>
      </object_component>
      <object_component id="oc-24d">
         <name>.debug_line</name>
         <load_address>0x113d</load_address>
         <run_address>0x113d</run_address>
         <size>0x78</size>
         <input_file_ref idref="fl-7"/>
      </object_component>
      <object_component id="oc-1d3">
         <name>.debug_line</name>
         <load_address>0x11b5</load_address>
         <run_address>0x11b5</run_address>
         <size>0x9a</size>
         <input_file_ref idref="fl-7"/>
      </object_component>
      <object_component id="oc-223">
         <name>.debug_line</name>
         <load_address>0x124f</load_address>
         <run_address>0x124f</run_address>
         <size>0x9a</size>
         <input_file_ref idref="fl-7"/>
      </object_component>
      <object_component id="oc-1d9">
         <name>.debug_line</name>
         <load_address>0x12e9</load_address>
         <run_address>0x12e9</run_address>
         <size>0x9a</size>
         <input_file_ref idref="fl-7"/>
      </object_component>
      <object_component id="oc-252">
         <name>.debug_line</name>
         <load_address>0x1383</load_address>
         <run_address>0x1383</run_address>
         <size>0x9c</size>
         <input_file_ref idref="fl-8"/>
      </object_component>
      <object_component id="oc-161">
         <name>.debug_line</name>
         <load_address>0x141f</load_address>
         <run_address>0x141f</run_address>
         <size>0x98</size>
         <input_file_ref idref="fl-8"/>
      </object_component>
      <object_component id="oc-219">
         <name>.debug_line</name>
         <load_address>0x14b7</load_address>
         <run_address>0x14b7</run_address>
         <size>0x92</size>
         <input_file_ref idref="fl-8"/>
      </object_component>
      <object_component id="oc-213">
         <name>.debug_line</name>
         <load_address>0x1549</load_address>
         <run_address>0x1549</run_address>
         <size>0x94</size>
         <input_file_ref idref="fl-8"/>
      </object_component>
      <object_component id="oc-1b7">
         <name>.debug_line</name>
         <load_address>0x15dd</load_address>
         <run_address>0x15dd</run_address>
         <size>0x91</size>
         <input_file_ref idref="fl-8"/>
      </object_component>
      <object_component id="oc-242">
         <name>.debug_line</name>
         <load_address>0x166e</load_address>
         <run_address>0x166e</run_address>
         <size>0xc3</size>
         <input_file_ref idref="fl-8"/>
      </object_component>
      <object_component id="oc-fe">
         <name>.debug_line</name>
         <load_address>0x1731</load_address>
         <run_address>0x1731</run_address>
         <size>0x2a</size>
         <input_file_ref idref="fl-38"/>
      </object_component>
      <object_component id="oc-6d">
         <name>.debug_line</name>
         <load_address>0x175b</load_address>
         <run_address>0x175b</run_address>
         <size>0x4c</size>
         <input_file_ref idref="fl-39"/>
      </object_component>
      <object_component id="oc-111">
         <name>.debug_line</name>
         <load_address>0x17a7</load_address>
         <run_address>0x17a7</run_address>
         <size>0x80</size>
         <input_file_ref idref="fl-3a"/>
      </object_component>
      <object_component id="oc-34">
         <name>.debug_line</name>
         <load_address>0x1827</load_address>
         <run_address>0x1827</run_address>
         <size>0x50</size>
         <input_file_ref idref="fl-3a"/>
      </object_component>
      <object_component id="oc-9b">
         <name>.debug_line</name>
         <load_address>0x1877</load_address>
         <run_address>0x1877</run_address>
         <size>0x3a</size>
         <input_file_ref idref="fl-3a"/>
      </object_component>
      <object_component id="oc-10e">
         <name>.debug_line</name>
         <load_address>0x18b1</load_address>
         <run_address>0x18b1</run_address>
         <size>0x80</size>
         <input_file_ref idref="fl-3a"/>
      </object_component>
      <object_component id="oc-119">
         <name>.debug_line</name>
         <load_address>0x1931</load_address>
         <run_address>0x1931</run_address>
         <size>0x20</size>
         <input_file_ref idref="fl-3b"/>
      </object_component>
      <object_component id="oc-a2">
         <name>.debug_line</name>
         <load_address>0x1951</load_address>
         <run_address>0x1951</run_address>
         <size>0x87</size>
         <input_file_ref idref="fl-3b"/>
      </object_component>
      <object_component id="oc-39">
         <name>.debug_line</name>
         <load_address>0x19d8</load_address>
         <run_address>0x19d8</run_address>
         <size>0x49</size>
         <input_file_ref idref="fl-3b"/>
      </object_component>
      <object_component id="oc-a9">
         <name>.debug_line</name>
         <load_address>0x1a21</load_address>
         <run_address>0x1a21</run_address>
         <size>0x39</size>
         <input_file_ref idref="fl-3b"/>
      </object_component>
      <object_component id="oc-130">
         <name>.debug_line</name>
         <load_address>0x1a5a</load_address>
         <run_address>0x1a5a</run_address>
         <size>0x20</size>
         <input_file_ref idref="fl-3c"/>
      </object_component>
      <object_component id="oc-4f">
         <name>.debug_line</name>
         <load_address>0x1a7a</load_address>
         <run_address>0x1a7a</run_address>
         <size>0x4d</size>
         <input_file_ref idref="fl-3c"/>
      </object_component>
      <object_component id="oc-c6">
         <name>.debug_line</name>
         <load_address>0x1ac7</load_address>
         <run_address>0x1ac7</run_address>
         <size>0x34</size>
         <input_file_ref idref="fl-3c"/>
      </object_component>
      <object_component id="oc-109">
         <name>.debug_line</name>
         <load_address>0x1afb</load_address>
         <run_address>0x1afb</run_address>
         <size>0x80</size>
         <input_file_ref idref="fl-3c"/>
      </object_component>
      <object_component id="oc-113">
         <name>.debug_line</name>
         <load_address>0x1b7b</load_address>
         <run_address>0x1b7b</run_address>
         <size>0x40</size>
         <input_file_ref idref="fl-3d"/>
      </object_component>
      <object_component id="oc-f5">
         <name>.debug_line</name>
         <load_address>0x1bbb</load_address>
         <run_address>0x1bbb</run_address>
         <size>0x3a</size>
         <input_file_ref idref="fl-3e"/>
      </object_component>
      <object_component id="oc-af">
         <name>.debug_line</name>
         <load_address>0x1bf5</load_address>
         <run_address>0x1bf5</run_address>
         <size>0x3c</size>
         <input_file_ref idref="fl-4a"/>
      </object_component>
      <object_component id="oc-11f">
         <name>.debug_line</name>
         <load_address>0x1c31</load_address>
         <run_address>0x1c31</run_address>
         <size>0x4e</size>
         <input_file_ref idref="fl-4b"/>
      </object_component>
      <object_component id="oc-172">
         <name>.debug_line</name>
         <load_address>0x1c7f</load_address>
         <run_address>0x1c7f</run_address>
         <size>0x20</size>
         <input_file_ref idref="fl-4c"/>
      </object_component>
      <object_component id="oc-95">
         <name>.debug_line</name>
         <load_address>0x1c9f</load_address>
         <run_address>0x1c9f</run_address>
         <size>0x45</size>
         <input_file_ref idref="fl-4c"/>
      </object_component>
      <object_component id="oc-24a">
         <name>.debug_line</name>
         <load_address>0x1ce4</load_address>
         <run_address>0x1ce4</run_address>
         <size>0x20</size>
         <input_file_ref idref="fl-4d"/>
      </object_component>
      <object_component id="oc-1c5">
         <name>.debug_line</name>
         <load_address>0x1d04</load_address>
         <run_address>0x1d04</run_address>
         <size>0x9c</size>
         <input_file_ref idref="fl-4d"/>
      </object_component>
      <object_component id="oc-cd">
         <name>.debug_line</name>
         <load_address>0x1da0</load_address>
         <run_address>0x1da0</run_address>
         <size>0x3e</size>
         <input_file_ref idref="fl-4f"/>
      </object_component>
      <object_component id="oc-183">
         <name>.debug_line</name>
         <load_address>0x1dde</load_address>
         <run_address>0x1dde</run_address>
         <size>0x2e</size>
         <input_file_ref idref="fl-52"/>
      </object_component>
      <object_component id="oc-d3">
         <name>.debug_line</name>
         <load_address>0x1e0c</load_address>
         <run_address>0x1e0c</run_address>
         <size>0x7b</size>
         <input_file_ref idref="fl-52"/>
      </object_component>
      <object_component id="oc-187">
         <name>.debug_line</name>
         <load_address>0x1e87</load_address>
         <run_address>0x1e87</run_address>
         <size>0x2e</size>
         <input_file_ref idref="fl-52"/>
      </object_component>
      <object_component id="oc-ee">
         <name>.debug_frame</name>
         <load_address>0x0</load_address>
         <run_address>0x0</run_address>
         <size>0x47</size>
         <input_file_ref idref="fl-2"/>
      </object_component>
      <object_component id="oc-16e">
         <name>.debug_frame</name>
         <load_address>0x47</load_address>
         <run_address>0x47</run_address>
         <size>0x4b</size>
         <input_file_ref idref="fl-2"/>
      </object_component>
      <object_component id="oc-1ce">
         <name>.debug_frame</name>
         <load_address>0x92</load_address>
         <run_address>0x92</run_address>
         <size>0x47</size>
         <input_file_ref idref="fl-2"/>
      </object_component>
      <object_component id="oc-168">
         <name>.debug_frame</name>
         <load_address>0xd9</load_address>
         <run_address>0xd9</run_address>
         <size>0x56</size>
         <input_file_ref idref="fl-2"/>
      </object_component>
      <object_component id="oc-1e0">
         <name>.debug_frame</name>
         <load_address>0x12f</load_address>
         <run_address>0x12f</run_address>
         <size>0x4e</size>
         <input_file_ref idref="fl-2"/>
      </object_component>
      <object_component id="oc-1e7">
         <name>.debug_frame</name>
         <load_address>0x17d</load_address>
         <run_address>0x17d</run_address>
         <size>0x4d</size>
         <input_file_ref idref="fl-3"/>
      </object_component>
      <object_component id="oc-1c1">
         <name>.debug_frame</name>
         <load_address>0x1ca</load_address>
         <run_address>0x1ca</run_address>
         <size>0x4d</size>
         <input_file_ref idref="fl-3"/>
      </object_component>
      <object_component id="oc-1ed">
         <name>.debug_frame</name>
         <load_address>0x217</load_address>
         <run_address>0x217</run_address>
         <size>0x47</size>
         <input_file_ref idref="fl-3"/>
      </object_component>
      <object_component id="oc-14a">
         <name>.debug_frame</name>
         <load_address>0x25e</load_address>
         <run_address>0x25e</run_address>
         <size>0x47</size>
         <input_file_ref idref="fl-4"/>
      </object_component>
      <object_component id="oc-150">
         <name>.debug_frame</name>
         <load_address>0x2a5</load_address>
         <run_address>0x2a5</run_address>
         <size>0x47</size>
         <input_file_ref idref="fl-4"/>
      </object_component>
      <object_component id="oc-1f3">
         <name>.debug_frame</name>
         <load_address>0x2ec</load_address>
         <run_address>0x2ec</run_address>
         <size>0x47</size>
         <input_file_ref idref="fl-4"/>
      </object_component>
      <object_component id="oc-156">
         <name>.debug_frame</name>
         <load_address>0x333</load_address>
         <run_address>0x333</run_address>
         <size>0x47</size>
         <input_file_ref idref="fl-4"/>
      </object_component>
      <object_component id="oc-15c">
         <name>.debug_frame</name>
         <load_address>0x37a</load_address>
         <run_address>0x37a</run_address>
         <size>0x4d</size>
         <input_file_ref idref="fl-4"/>
      </object_component>
      <object_component id="oc-1aa">
         <name>.debug_frame</name>
         <load_address>0x3c7</load_address>
         <run_address>0x3c7</run_address>
         <size>0x47</size>
         <input_file_ref idref="fl-4"/>
      </object_component>
      <object_component id="oc-c1">
         <name>.debug_frame</name>
         <load_address>0x40e</load_address>
         <run_address>0x40e</run_address>
         <size>0x47</size>
         <input_file_ref idref="fl-4"/>
      </object_component>
      <object_component id="oc-1b0">
         <name>.debug_frame</name>
         <load_address>0x455</load_address>
         <run_address>0x455</run_address>
         <size>0x56</size>
         <input_file_ref idref="fl-5"/>
      </object_component>
      <object_component id="oc-235">
         <name>.debug_frame</name>
         <load_address>0x4ab</load_address>
         <run_address>0x4ab</run_address>
         <size>0x4d</size>
         <input_file_ref idref="fl-5"/>
      </object_component>
      <object_component id="oc-20a">
         <name>.debug_frame</name>
         <load_address>0x4f8</load_address>
         <run_address>0x4f8</run_address>
         <size>0x4d</size>
         <input_file_ref idref="fl-5"/>
      </object_component>
      <object_component id="oc-22e">
         <name>.debug_frame</name>
         <load_address>0x545</load_address>
         <run_address>0x545</run_address>
         <size>0x56</size>
         <input_file_ref idref="fl-5"/>
      </object_component>
      <object_component id="oc-b5">
         <name>.debug_frame</name>
         <load_address>0x59b</load_address>
         <run_address>0x59b</run_address>
         <size>0x86</size>
         <input_file_ref idref="fl-5"/>
      </object_component>
      <object_component id="oc-bb">
         <name>.debug_frame</name>
         <load_address>0x621</load_address>
         <run_address>0x621</run_address>
         <size>0x86</size>
         <input_file_ref idref="fl-5"/>
      </object_component>
      <object_component id="oc-1d4">
         <name>.debug_frame</name>
         <load_address>0x6a7</load_address>
         <run_address>0x6a7</run_address>
         <size>0x57</size>
         <input_file_ref idref="fl-7"/>
      </object_component>
      <object_component id="oc-224">
         <name>.debug_frame</name>
         <load_address>0x6fe</load_address>
         <run_address>0x6fe</run_address>
         <size>0x4d</size>
         <input_file_ref idref="fl-7"/>
      </object_component>
      <object_component id="oc-1da">
         <name>.debug_frame</name>
         <load_address>0x74b</load_address>
         <run_address>0x74b</run_address>
         <size>0x4d</size>
         <input_file_ref idref="fl-7"/>
      </object_component>
      <object_component id="oc-162">
         <name>.debug_frame</name>
         <load_address>0x798</load_address>
         <run_address>0x798</run_address>
         <size>0x47</size>
         <input_file_ref idref="fl-8"/>
      </object_component>
      <object_component id="oc-21a">
         <name>.debug_frame</name>
         <load_address>0x7df</load_address>
         <run_address>0x7df</run_address>
         <size>0x51</size>
         <input_file_ref idref="fl-8"/>
      </object_component>
      <object_component id="oc-214">
         <name>.debug_frame</name>
         <load_address>0x830</load_address>
         <run_address>0x830</run_address>
         <size>0x50</size>
         <input_file_ref idref="fl-8"/>
      </object_component>
      <object_component id="oc-1b8">
         <name>.debug_frame</name>
         <load_address>0x880</load_address>
         <run_address>0x880</run_address>
         <size>0x47</size>
         <input_file_ref idref="fl-8"/>
      </object_component>
      <object_component id="oc-243">
         <name>.debug_frame</name>
         <load_address>0x8c7</load_address>
         <run_address>0x8c7</run_address>
         <size>0x47</size>
         <input_file_ref idref="fl-8"/>
      </object_component>
      <object_component id="oc-6e">
         <name>.debug_frame</name>
         <load_address>0x90e</load_address>
         <run_address>0x90e</run_address>
         <size>0x42</size>
         <input_file_ref idref="fl-39"/>
      </object_component>
      <object_component id="oc-37">
         <name>.debug_frame</name>
         <load_address>0x950</load_address>
         <run_address>0x950</run_address>
         <size>0x47</size>
         <input_file_ref idref="fl-3a"/>
      </object_component>
      <object_component id="oc-a3">
         <name>.debug_frame</name>
         <load_address>0x997</load_address>
         <run_address>0x997</run_address>
         <size>0x51</size>
         <input_file_ref idref="fl-3b"/>
      </object_component>
      <object_component id="oc-3d">
         <name>.debug_frame</name>
         <load_address>0x9e8</load_address>
         <run_address>0x9e8</run_address>
         <size>0x47</size>
         <input_file_ref idref="fl-3b"/>
      </object_component>
      <object_component id="oc-50">
         <name>.debug_frame</name>
         <load_address>0xa2f</load_address>
         <run_address>0xa2f</run_address>
         <size>0x47</size>
         <input_file_ref idref="fl-3c"/>
      </object_component>
      <object_component id="oc-f6">
         <name>.debug_frame</name>
         <load_address>0xa76</load_address>
         <run_address>0xa76</run_address>
         <size>0x47</size>
         <input_file_ref idref="fl-3e"/>
      </object_component>
      <object_component id="oc-96">
         <name>.debug_frame</name>
         <load_address>0xabd</load_address>
         <run_address>0xabd</run_address>
         <size>0x47</size>
         <input_file_ref idref="fl-4c"/>
      </object_component>
      <object_component id="oc-1c4">
         <name>.debug_frame</name>
         <load_address>0xb04</load_address>
         <run_address>0xb04</run_address>
         <size>0x47</size>
         <input_file_ref idref="fl-4d"/>
      </object_component>
      <object_component id="oc-ce">
         <name>.debug_frame</name>
         <load_address>0xb4b</load_address>
         <run_address>0xb4b</run_address>
         <size>0x47</size>
         <input_file_ref idref="fl-4f"/>
      </object_component>
      <object_component id="oc-d4">
         <name>.debug_frame</name>
         <load_address>0xb92</load_address>
         <run_address>0xb92</run_address>
         <size>0x51</size>
         <input_file_ref idref="fl-52"/>
      </object_component>
      <object_component id="oc-1f5">
         <name>.debug_abbrev</name>
         <load_address>0x0</load_address>
         <run_address>0x0</run_address>
         <size>0x113</size>
         <input_file_ref idref="fl-2"/>
      </object_component>
      <object_component id="oc-20d">
         <name>.debug_abbrev</name>
         <load_address>0x113</load_address>
         <run_address>0x113</run_address>
         <size>0x27</size>
         <input_file_ref idref="fl-2"/>
      </object_component>
      <object_component id="oc-16f">
         <name>.debug_abbrev</name>
         <load_address>0x13a</load_address>
         <run_address>0x13a</run_address>
         <size>0x5e</size>
         <input_file_ref idref="fl-2"/>
      </object_component>
      <object_component id="oc-1f4">
         <name>.debug_abbrev</name>
         <load_address>0x198</load_address>
         <run_address>0x198</run_address>
         <size>0x5e</size>
         <input_file_ref idref="fl-2"/>
      </object_component>
      <object_component id="oc-225">
         <name>.debug_abbrev</name>
         <load_address>0x1f6</load_address>
         <run_address>0x1f6</run_address>
         <size>0x5c</size>
         <input_file_ref idref="fl-2"/>
      </object_component>
      <object_component id="oc-1c2">
         <name>.debug_abbrev</name>
         <load_address>0x252</load_address>
         <run_address>0x252</run_address>
         <size>0x6a</size>
         <input_file_ref idref="fl-2"/>
      </object_component>
      <object_component id="oc-237">
         <name>.debug_abbrev</name>
         <load_address>0x2bc</load_address>
         <run_address>0x2bc</run_address>
         <size>0x6a</size>
         <input_file_ref idref="fl-2"/>
      </object_component>
      <object_component id="oc-1f9">
         <name>.debug_abbrev</name>
         <load_address>0x326</load_address>
         <run_address>0x326</run_address>
         <size>0x5a</size>
         <input_file_ref idref="fl-2"/>
      </object_component>
      <object_component id="oc-17d">
         <name>.debug_abbrev</name>
         <load_address>0x380</load_address>
         <run_address>0x380</run_address>
         <size>0x49</size>
         <input_file_ref idref="fl-2"/>
      </object_component>
      <object_component id="oc-101">
         <name>.debug_abbrev</name>
         <load_address>0x3c9</load_address>
         <run_address>0x3c9</run_address>
         <size>0x1f</size>
         <input_file_ref idref="fl-2"/>
      </object_component>
      <object_component id="oc-126">
         <name>.debug_abbrev</name>
         <load_address>0x3e8</load_address>
         <run_address>0x3e8</run_address>
         <size>0x24</size>
         <input_file_ref idref="fl-2"/>
      </object_component>
      <object_component id="oc-247">
         <name>.debug_abbrev</name>
         <load_address>0x40c</load_address>
         <run_address>0x40c</run_address>
         <size>0x5d</size>
         <input_file_ref idref="fl-3"/>
      </object_component>
      <object_component id="oc-238">
         <name>.debug_abbrev</name>
         <load_address>0x469</load_address>
         <run_address>0x469</run_address>
         <size>0x7c</size>
         <input_file_ref idref="fl-3"/>
      </object_component>
      <object_component id="oc-21b">
         <name>.debug_abbrev</name>
         <load_address>0x4e5</load_address>
         <run_address>0x4e5</run_address>
         <size>0x7c</size>
         <input_file_ref idref="fl-3"/>
      </object_component>
      <object_component id="oc-239">
         <name>.debug_abbrev</name>
         <load_address>0x561</load_address>
         <run_address>0x561</run_address>
         <size>0x7c</size>
         <input_file_ref idref="fl-3"/>
      </object_component>
      <object_component id="oc-23b">
         <name>.debug_abbrev</name>
         <load_address>0x5dd</load_address>
         <run_address>0x5dd</run_address>
         <size>0x9d</size>
         <input_file_ref idref="fl-4"/>
      </object_component>
      <object_component id="oc-1a2">
         <name>.debug_abbrev</name>
         <load_address>0x67a</load_address>
         <run_address>0x67a</run_address>
         <size>0x50</size>
         <input_file_ref idref="fl-4"/>
      </object_component>
      <object_component id="oc-1a3">
         <name>.debug_abbrev</name>
         <load_address>0x6ca</load_address>
         <run_address>0x6ca</run_address>
         <size>0x50</size>
         <input_file_ref idref="fl-4"/>
      </object_component>
      <object_component id="oc-23a">
         <name>.debug_abbrev</name>
         <load_address>0x71a</load_address>
         <run_address>0x71a</run_address>
         <size>0x6c</size>
         <input_file_ref idref="fl-4"/>
      </object_component>
      <object_component id="oc-1a4">
         <name>.debug_abbrev</name>
         <load_address>0x786</load_address>
         <run_address>0x786</run_address>
         <size>0x50</size>
         <input_file_ref idref="fl-4"/>
      </object_component>
      <object_component id="oc-1b1">
         <name>.debug_abbrev</name>
         <load_address>0x7d6</load_address>
         <run_address>0x7d6</run_address>
         <size>0x6c</size>
         <input_file_ref idref="fl-4"/>
      </object_component>
      <object_component id="oc-204">
         <name>.debug_abbrev</name>
         <load_address>0x842</load_address>
         <run_address>0x842</run_address>
         <size>0x4e</size>
         <input_file_ref idref="fl-4"/>
      </object_component>
      <object_component id="oc-12e">
         <name>.debug_abbrev</name>
         <load_address>0x890</load_address>
         <run_address>0x890</run_address>
         <size>0x53</size>
         <input_file_ref idref="fl-4"/>
      </object_component>
      <object_component id="oc-179">
         <name>.debug_abbrev</name>
         <load_address>0x8e3</load_address>
         <run_address>0x8e3</run_address>
         <size>0xb8</size>
         <input_file_ref idref="fl-5"/>
      </object_component>
      <object_component id="oc-175">
         <name>.debug_abbrev</name>
         <load_address>0x99b</load_address>
         <run_address>0x99b</run_address>
         <size>0x27</size>
         <input_file_ref idref="fl-5"/>
      </object_component>
      <object_component id="oc-180">
         <name>.debug_abbrev</name>
         <load_address>0x9c2</load_address>
         <run_address>0x9c2</run_address>
         <size>0x27</size>
         <input_file_ref idref="fl-5"/>
      </object_component>
      <object_component id="oc-20b">
         <name>.debug_abbrev</name>
         <load_address>0x9e9</load_address>
         <run_address>0x9e9</run_address>
         <size>0x7c</size>
         <input_file_ref idref="fl-5"/>
      </object_component>
      <object_component id="oc-24f">
         <name>.debug_abbrev</name>
         <load_address>0xa65</load_address>
         <run_address>0xa65</run_address>
         <size>0x7c</size>
         <input_file_ref idref="fl-5"/>
      </object_component>
      <object_component id="oc-23d">
         <name>.debug_abbrev</name>
         <load_address>0xae1</load_address>
         <run_address>0xae1</run_address>
         <size>0x7c</size>
         <input_file_ref idref="fl-5"/>
      </object_component>
      <object_component id="oc-24e">
         <name>.debug_abbrev</name>
         <load_address>0xb5d</load_address>
         <run_address>0xb5d</run_address>
         <size>0x7c</size>
         <input_file_ref idref="fl-5"/>
      </object_component>
      <object_component id="oc-123">
         <name>.debug_abbrev</name>
         <load_address>0xbd9</load_address>
         <run_address>0xbd9</run_address>
         <size>0x7e</size>
         <input_file_ref idref="fl-5"/>
      </object_component>
      <object_component id="oc-12d">
         <name>.debug_abbrev</name>
         <load_address>0xc57</load_address>
         <run_address>0xc57</run_address>
         <size>0x7e</size>
         <input_file_ref idref="fl-5"/>
      </object_component>
      <object_component id="oc-24c">
         <name>.debug_abbrev</name>
         <load_address>0xcd5</load_address>
         <run_address>0xcd5</run_address>
         <size>0x29</size>
         <input_file_ref idref="fl-7"/>
      </object_component>
      <object_component id="oc-22f">
         <name>.debug_abbrev</name>
         <load_address>0xcfe</load_address>
         <run_address>0xcfe</run_address>
         <size>0x7a</size>
         <input_file_ref idref="fl-7"/>
      </object_component>
      <object_component id="oc-24b">
         <name>.debug_abbrev</name>
         <load_address>0xd78</load_address>
         <run_address>0xd78</run_address>
         <size>0x7a</size>
         <input_file_ref idref="fl-7"/>
      </object_component>
      <object_component id="oc-236">
         <name>.debug_abbrev</name>
         <load_address>0xdf2</load_address>
         <run_address>0xdf2</run_address>
         <size>0x7a</size>
         <input_file_ref idref="fl-7"/>
      </object_component>
      <object_component id="oc-251">
         <name>.debug_abbrev</name>
         <load_address>0xe6c</load_address>
         <run_address>0xe6c</run_address>
         <size>0x7e</size>
         <input_file_ref idref="fl-8"/>
      </object_component>
      <object_component id="oc-1b2">
         <name>.debug_abbrev</name>
         <load_address>0xeea</load_address>
         <run_address>0xeea</run_address>
         <size>0x50</size>
         <input_file_ref idref="fl-8"/>
      </object_component>
      <object_component id="oc-246">
         <name>.debug_abbrev</name>
         <load_address>0xf3a</load_address>
         <run_address>0xf3a</run_address>
         <size>0x7c</size>
         <input_file_ref idref="fl-8"/>
      </object_component>
      <object_component id="oc-244">
         <name>.debug_abbrev</name>
         <load_address>0xfb6</load_address>
         <run_address>0xfb6</run_address>
         <size>0x7c</size>
         <input_file_ref idref="fl-8"/>
      </object_component>
      <object_component id="oc-20c">
         <name>.debug_abbrev</name>
         <load_address>0x1032</load_address>
         <run_address>0x1032</run_address>
         <size>0x6e</size>
         <input_file_ref idref="fl-8"/>
      </object_component>
      <object_component id="oc-250">
         <name>.debug_abbrev</name>
[...]
         <value>0x29</value>
      </symbol>
      <symbol id="sm-21">
         <name>P2DIR</name>
         <value>0x2a</value>
      </symbol>
      <symbol id="sm-22">
         <name>P2IFG</name>
         <value>0x2b</value>
      </symbol>
      <symbol id="sm-23">
         <name>P2IES</name>
         <value>0x2c</value>
      </symbol>
      <symbol id="sm-24">
         <name>P2IE</name>
         <value>0x2d</value>
      </symbol>
      <symbol id="sm-25">
         <name>P2SEL</name>
         <value>0x2e</value>
      </symbol>
      <symbol id="sm-26">
         <name>P2SEL2</name>
         <value>0x42</value>
      </symbol>
      <symbol id="sm-27">
         <name>P2REN</name>
         <value>0x2f</value>
      </symbol>
      <symbol id="sm-28">
         <name>P3IN</name>
         <value>0x18</value>
      </symbol>
      <symbol id="sm-29">
         <name>P3OUT</name>
         <value>0x19</value>
      </symbol>
      <symbol id="sm-2a">
         <name>P3DIR</name>
         <value>0x1a</value>
      </symbol>
      <symbol id="sm-2b">
         <name>P3SEL</name>
         <value>0x1b</value>
      </symbol>
      <symbol id="sm-2c">
         <name>P3SEL2</name>
         <value>0x43</value>
      </symbol>
      <symbol id="sm-2d">
         <name>P3REN</name>
         <value>0x10</value>
      </symbol>
      <symbol id="sm-2e">
         <name>TA0IV</name>
         <value>0x12e</value>
      </symbol>
      <symbol id="sm-2f">
         <name>TA0CTL</name>
         <value>0x160</value>
      </symbol>
      <symbol id="sm-30">
         <name>TA0CCTL0</name>
         <value>0x162</value>
      </symbol>
      <symbol id="sm-31">
         <name>TA0CCTL1</name>
         <value>0x164</value>
      </symbol>
      <symbol id="sm-32">
         <name>TA0CCTL2</name>
         <value>0x166</value>
      </symbol>
      <symbol id="sm-33">
         <name>TA0R</name>
         <value>0x170</value>
      </symbol>
      <symbol id="sm-34">
         <name>TA0CCR0</name>
         <value>0x172</value>
      </symbol>
      <symbol id="sm-35">
         <name>TA0CCR1</name>
         <value>0x174</value>
      </symbol>
      <symbol id="sm-36">
         <name>TA0CCR2</name>
         <value>0x176</value>
      </symbol>
      <symbol id="sm-37">
         <name>TA1IV</name>
         <value>0x11e</value>
      </symbol>
      <symbol id="sm-38">
         <name>TA1CTL</name>
         <value>0x180</value>
      </symbol>
      <symbol id="sm-39">
         <name>TA1CCTL0</name>
         <value>0x182</value>
      </symbol>
      <symbol id="sm-3a">
         <name>TA1CCTL1</name>
         <value>0x184</value>
      </symbol>
      <symbol id="sm-3b">
         <name>TA1CCTL2</name>
         <value>0x186</value>
      </symbol>
      <symbol id="sm-3c">
         <name>TA1R</name>
         <value>0x190</value>
      </symbol>
      <symbol id="sm-3d">
         <name>TA1CCR0</name>
         <value>0x192</value>
      </symbol>
      <symbol id="sm-3e">
         <name>TA1CCR1</name>
         <value>0x194</value>
      </symbol>
      <symbol id="sm-3f">
         <name>TA1CCR2</name>
         <value>0x196</value>
      </symbol>
      <symbol id="sm-40">
         <name>UCA0CTL0</name>
         <value>0x60</value>
      </symbol>
      <symbol id="sm-41">
         <name>UCA0CTL1</name>
         <value>0x61</value>
      </symbol>
      <symbol id="sm-42">
         <name>UCA0BR0</name>
         <value>0x62</value>
      </symbol>
      <symbol id="sm-43">
         <name>UCA0BR1</name>
         <value>0x63</value>
      </symbol>
      <symbol id="sm-44">
         <name>UCA0MCTL</name>
         <value>0x64</value>
      </symbol>
      <symbol id="sm-45">
         <name>UCA0STAT</name>
         <value>0x65</value>
      </symbol>
      <symbol id="sm-46">
         <name>UCA0RXBUF</name>
         <value>0x66</value>
      </symbol>
      <symbol id="sm-47">
         <name>UCA0TXBUF</name>
         <value>0x67</value>
      </symbol>
      <symbol id="sm-48">
         <name>UCA0ABCTL</name>
         <value>0x5d</value>
      </symbol>
      <symbol id="sm-49">
         <name>UCA0IRTCTL</name>
         <value>0x5e</value>
      </symbol>
      <symbol id="sm-4a">
         <name>UCA0IRRCTL</name>
         <value>0x5f</value>
      </symbol>
      <symbol id="sm-4b">
         <name>UCB0CTL0</name>
         <value>0x68</value>
      </symbol>
      <symbol id="sm-4c">
         <name>UCB0CTL1</name>
         <value>0x69</value>
      </symbol>
      <symbol id="sm-4d">
         <name>UCB0BR0</name>
         <value>0x6a</value>
      </symbol>
      <symbol id="sm-4e">
         <name>UCB0BR1</name>
         <value>0x6b</value>
      </symbol>
      <symbol id="sm-4f">
         <name>UCB0I2CIE</name>
         <value>0x6c</value>
      </symbol>
      <symbol id="sm-50">
         <name>UCB0STAT</name>
         <value>0x6d</value>
      </symbol>
      <symbol id="sm-51">
         <name>UCB0RXBUF</name>
         <value>0x6e</value>
      </symbol>
      <symbol id="sm-52">
         <name>UCB0TXBUF</name>
         <value>0x6f</value>
      </symbol>
      <symbol id="sm-53">
         <name>UCB0I2COA</name>
         <value>0x118</value>
      </symbol>
      <symbol id="sm-54">
         <name>UCB0I2CSA</name>
         <value>0x11a</value>
      </symbol>
      <symbol id="sm-55">
         <name>WDTCTL</name>
         <value>0x120</value>
      </symbol>
      <symbol id="sm-56">
         <name>CALDCO_16MHZ</name>
         <value>0x10f8</value>
      </symbol>
      <symbol id="sm-57">
         <name>CALBC1_16MHZ</name>
         <value>0x10f9</value>
      </symbol>
      <symbol id="sm-58">
         <name>CALDCO_12MHZ</name>
         <value>0x10fa</value>
      </symbol>
      <symbol id="sm-59">
         <name>CALBC1_12MHZ</name>
         <value>0x10fb</value>
      </symbol>
      <symbol id="sm-5a">
         <name>CALDCO_8MHZ</name>
         <value>0x10fc</value>
      </symbol>
      <symbol id="sm-5b">
         <name>CALBC1_8MHZ</name>
         <value>0x10fd</value>
      </symbol>
      <symbol id="sm-5c">
         <name>CALDCO_1MHZ</name>
         <value>0x10fe</value>
      </symbol>
      <symbol id="sm-5d">
         <name>CALBC1_1MHZ</name>
         <value>0x10ff</value>
      </symbol>
      <symbol id="sm-5e">
         <name>TLV_CHECKSUM</name>
         <value>0x10c0</value>
      </symbol>
      <symbol id="sm-5f">
         <name>TLV_DCO_30_TAG</name>
         <value>0x10f6</value>
      </symbol>
      <symbol id="sm-60">
         <name>TLV_DCO_30_LEN</name>
         <value>0x10f7</value>
      </symbol>
      <symbol id="sm-61">
         <name>TLV_ADC10_1_TAG</name>
         <value>0x10da</value>
      </symbol>
      <symbol id="sm-62">
         <name>TLV_ADC10_1_LEN</name>
         <value>0x10db</value>
      </symbol>
      <symbol id="sm-63">
         <name>__TI_CINIT_Base</name>
         <value>0xca5c</value>
      </symbol>
      <symbol id="sm-64">
         <name>__TI_CINIT_Limit</name>
         <value>0xca64</value>
      </symbol>
      <symbol id="sm-65">
         <name>__TI_Handler_Table_Base</name>
         <value>0xca52</value>
      </symbol>
      <symbol id="sm-66">
         <name>__TI_Handler_Table_Limit</name>
         <value>0xca58</value>
      </symbol>
      <symbol id="sm-67">
         <name>binit</name>
         <value>0xffffffff</value>
      </symbol>
      <symbol id="sm-68">
         <name>__binit__</name>
         <value>0xffffffff</value>
      </symbol>
      <symbol id="sm-69">
         <name>__STACK_SIZE</name>
         <value>0x50</value>
      </symbol>
      <symbol id="sm-6a">
         <name>__STACK_END</name>
         <value>0x400</value>
      </symbol>
      <symbol id="sm-6b">
         <name>__c_args__</name>
         <value>0xffffffff</value>
      </symbol>
      <symbol id="sm-e7">
         <name>main</name>
         <value>0xc858</value>
         <object_component_ref idref="oc-e9"/>
      </symbol>
      <symbol id="sm-109">
         <name>cc112xSpiReadRxFifo</name>
         <value>0xc96c</value>
         <object_component_ref idref="oc-1e8"/>
      </symbol>
      <symbol id="sm-10a">
         <name>cc112xSpiWriteReg</name>
         <value>0xc678</value>
         <object_component_ref idref="oc-1bc"/>
      </symbol>
      <symbol id="sm-10b">
         <name>cc112xSpiReadReg</name>
         <value>0xc62c</value>
         <object_component_ref idref="oc-1e2"/>
      </symbol>
      <symbol id="sm-145">
         <name>WDT_ISR</name>
         <value>0xc8fc</value>
         <object_component_ref idref="oc-bc"/>
      </symbol>
      <symbol id="sm-146">
         <name>__TI_int10</name>
         <value>0xfff4</value>
         <object_component_ref idref="oc-46"/>
      </symbol>
      <symbol id="sm-147">
         <name>halInitMCU</name>
         <value>0xc892</value>
         <object_component_ref idref="oc-145"/>
      </symbol>
      <symbol id="sm-148">
         <name>halButtonInterruptEnable</name>
         <value>0xc8e2</value>
         <object_component_ref idref="oc-157"/>
      </symbol>
      <symbol id="sm-149">
         <name>halLedInit</name>
         <value>0xc97a</value>
         <object_component_ref idref="oc-14b"/>
      </symbol>
      <symbol id="sm-14a">
         <name>halLedToggle</name>
         <value>0xc9a0</value>
         <object_component_ref idref="oc-1ee"/>
      </symbol>
      <symbol id="sm-14b">
         <name>halButtonInit</name>
         <value>0xc8c8</value>
         <object_component_ref idref="oc-151"/>
      </symbol>
      <symbol id="sm-1a4">
         <name>__TI_int02</name>
         <value>0xffe4</value>
         <object_component_ref idref="oc-3f"/>
      </symbol>
      <symbol id="sm-1a5">
         <name>__TI_int03</name>
         <value>0xffe6</value>
         <object_component_ref idref="oc-40"/>
      </symbol>
      <symbol id="sm-1a6">
         <name>halDigio2IntSetEdge</name>
         <value>0xc3ca</value>
         <object_component_ref idref="oc-229"/>
      </symbol>
      <symbol id="sm-1a7">
         <name>port2_ISR</name>
         <value>0xc2fc</value>
         <object_component_ref idref="oc-b6"/>
      </symbol>
      <symbol id="sm-1a8">
         <name>port1_ISR</name>
         <value>0xc292</value>
         <object_component_ref idref="oc-b0"/>
      </symbol>
      <symbol id="sm-1a9">
         <name>halDigio2IntEnable</name>
         <value>0xc7ca</value>
         <object_component_ref idref="oc-230"/>
      </symbol>
      <symbol id="sm-1aa">
         <name>halDigio2IntClear</name>
         <value>0xc794</value>
         <object_component_ref idref="oc-205"/>
      </symbol>
      <symbol id="sm-1ab">
         <name>halDigio2IntConnect</name>
         <value>0xc6c4</value>
         <object_component_ref idref="oc-1ab"/>
      </symbol>
      <symbol id="sm-1d4">
         <name>trxEnableInt</name>
         <value>0xc58e</value>
         <object_component_ref idref="oc-1d5"/>
      </symbol>
      <symbol id="sm-1d5">
         <name>gpio0</name>
         <value>0x224</value>
         <object_component_ref idref="oc-226"/>
      </symbol>
      <symbol id="sm-1d6">
         <name>gpio3</name>
         <value>0x220</value>
         <object_component_ref idref="oc-226"/>
      </symbol>
      <symbol id="sm-1d7">
         <name>gpio2</name>
         <value>0x222</value>
         <object_component_ref idref="oc-226"/>
      </symbol>
      <symbol id="sm-1d8">
         <name>trxIsrConnect</name>
         <value>0xc42e</value>
         <object_component_ref idref="oc-1cf"/>
      </symbol>
      <symbol id="sm-1d9">
         <name>trxClearIntFlag</name>
         <value>0xc53e</value>
         <object_component_ref idref="oc-21f"/>
      </symbol>
      <symbol id="sm-214">
         <name>exp430RfSpiInit</name>
         <value>0xc5de</value>
         <object_component_ref idref="oc-15d"/>
      </symbol>
      <symbol id="sm-215">
         <name>trxSpiCmdStrobe</name>
         <value>0xc82c</value>
         <object_component_ref idref="oc-1b3"/>
      </symbol>
      <symbol id="sm-216">
         <name>trx8BitRegAccess</name>
         <value>0xc710</value>
         <object_component_ref idref="oc-215"/>
      </symbol>
      <symbol id="sm-217">
         <name>trx16BitRegAccess</name>
         <value>0xc4ea</value>
         <object_component_ref idref="oc-20f"/>
      </symbol>
      <symbol id="sm-221">
         <name>_stack</name>
         <value>0x3b0</value>
         <object_component_ref idref="oc-8d"/>
      </symbol>
      <symbol id="sm-222">
         <name>_reset_vector</name>
         <value>0xfffe</value>
         <object_component_ref idref="oc-90"/>
      </symbol>
      <symbol id="sm-22d">
         <name>_c_int00_noargs_noexit</name>
         <value>0xc8ae</value>
         <object_component_ref idref="oc-69"/>
      </symbol>
      <symbol id="sm-243">
         <name>__TI_decompress_none</name>
         <value>0xc938</value>
         <object_component_ref idref="oc-32"/>
      </symbol>
      <symbol id="sm-265">
         <name>__TI_decompress_rle24</name>
         <value>0xc99a</value>
         <object_component_ref idref="oc-38"/>
      </symbol>
      <symbol id="sm-27d">
         <name>__TI_zero_init</name>
         <value>0xc910</value>
         <object_component_ref idref="oc-4b"/>
      </symbol>
      <symbol id="sm-286">
         <name>__mspabi_func_epilog_2</name>
         <value>0xc966</value>
         <object_component_ref idref="oc-112"/>
      </symbol>
      <symbol id="sm-287">
         <name>__mspabi_func_epilog_3</name>
         <value>0xc964</value>
         <object_component_ref idref="oc-112"/>
      </symbol>
      <symbol id="sm-288">
         <name>__mspabi_func_epilog_1</name>
         <value>0xc968</value>
         <object_component_ref idref="oc-112"/>
      </symbol>
      <symbol id="sm-289">
         <name>__mspabi_func_epilog_6</name>
         <value>0xc95e</value>
         <object_component_ref idref="oc-112"/>
      </symbol>
      <symbol id="sm-28a">
         <name>__mspabi_func_epilog_7</name>
         <value>0xc95c</value>
         <object_component_ref idref="oc-112"/>
      </symbol>
      <symbol id="sm-28b">
         <name>__mspabi_func_epilog_4</name>
         <value>0xc962</value>
         <object_component_ref idref="oc-112"/>
      </symbol>
      <symbol id="sm-28c">
         <name>__mspabi_func_epilog_5</name>
         <value>0xc960</value>
         <object_component_ref idref="oc-112"/>
      </symbol>
      <symbol id="sm-297">
         <name>C$$EXIT</name>
         <value>0xc9aa</value>
         <object_component_ref idref="oc-f1"/>
      </symbol>
      <symbol id="sm-298">
         <name>abort</name>
         <value>0xc9aa</value>
         <object_component_ref idref="oc-f1"/>
      </symbol>
      <symbol id="sm-29c">
         <name>__TI_int00</name>
         <value>0xffe0</value>
         <object_component_ref idref="oc-3e"/>
      </symbol>
      <symbol id="sm-29f">
         <name>__TI_int05</name>
         <value>0xffea</value>
         <object_component_ref idref="oc-41"/>
      </symbol>
      <symbol id="sm-2a2">
         <name>__TI_int06</name>
         <value>0xffec</value>
         <object_component_ref idref="oc-42"/>
      </symbol>
      <symbol id="sm-2a5">
         <name>__TI_int07</name>
         <value>0xffee</value>
         <object_component_ref idref="oc-43"/>
      </symbol>
      <symbol id="sm-2a8">
         <name>__TI_int08</name>
         <value>0xfff0</value>
         <object_component_ref idref="oc-44"/>
      </symbol>
      <symbol id="sm-2ab">
         <name>__TI_int09</name>
         <value>0xfff2</value>
         <object_component_ref idref="oc-45"/>
      </symbol>
      <symbol id="sm-2ae">
         <name>__TI_int11</name>
         <value>0xfff6</value>
         <object_component_ref idref="oc-47"/>
      </symbol>
      <symbol id="sm-2b1">
         <name>__TI_int12</name>
         <value>0xfff8</value>
         <object_component_ref idref="oc-48"/>
      </symbol>
      <symbol id="sm-2b4">
         <name>__TI_int13</name>
         <value>0xfffa</value>
         <object_component_ref idref="oc-49"/>
      </symbol>
      <symbol id="sm-2b7">
         <name>__TI_int14</name>
         <value>0xfffc</value>
         <object_component_ref idref="oc-4a"/>
      </symbol>
      <symbol id="sm-2bf">
         <name>__TI_ISR_TRAP</name>
         <value>0xc994</value>
         <object_component_ref idref="oc-ab"/>
      </symbol>
      <symbol id="sm-2c7">
         <name>__mspabi_slli</name>
         <value>0xc800</value>
         <object_component_ref idref="oc-11b"/>
      </symbol>
      <symbol id="sm-2c8">
         <name>__mspabi_slli_9</name>
         <value>0xc818</value>
         <object_component_ref idref="oc-11b"/>
      </symbol>
      <symbol id="sm-2c9">
         <name>__mspabi_slli_8</name>
         <value>0xc81a</value>
         <object_component_ref idref="oc-11b"/>
      </symbol>
      <symbol id="sm-2ca">
         <name>__mspabi_slli_7</name>
         <value>0xc81c</value>
         <object_component_ref idref="oc-11b"/>
      </symbol>
      <symbol id="sm-2cb">
         <name>__mspabi_slli_6</name>
         <value>0xc81e</value>
         <object_component_ref idref="oc-11b"/>
      </symbol>
      <symbol id="sm-2cc">
         <name>__mspabi_slli_5</name>
         <value>0xc820</value>
         <object_component_ref idref="oc-11b"/>
      </symbol>
      <symbol id="sm-2cd">
         <name>__mspabi_slli_4</name>
         <value>0xc822</value>
         <object_component_ref idref="oc-11b"/>
      </symbol>
      <symbol id="sm-2ce">
         <name>__mspabi_slli_3</name>
         <value>0xc824</value>
         <object_component_ref idref="oc-11b"/>
      </symbol>
      <symbol id="sm-2cf">
         <name>__mspabi_slli_2</name>
         <value>0xc826</value>
         <object_component_ref idref="oc-11b"/>
      </symbol>
      <symbol id="sm-2d0">
         <name>__mspabi_slli_1</name>
         <value>0xc828</value>
         <object_component_ref idref="oc-11b"/>
      </symbol>
      <symbol id="sm-2d1">
         <name>__mspabi_slli_15</name>
         <value>0xc80c</value>
         <object_component_ref idref="oc-11b"/>
      </symbol>
      <symbol id="sm-2d2">
         <name>__mspabi_slli_14</name>
         <value>0xc80e</value>
         <object_component_ref idref="oc-11b"/>
      </symbol>
      <symbol id="sm-2d3">
         <name>__mspabi_slli_13</name>
         <value>0xc810</value>
         <object_component_ref idref="oc-11b"/>
      </symbol>
      <symbol id="sm-2d4">
         <name>__mspabi_slli_12</name>
         <value>0xc812</value>
         <object_component_ref idref="oc-11b"/>
      </symbol>
      <symbol id="sm-2d5">
         <name>__mspabi_slli_11</name>
         <value>0xc814</value>
         <object_component_ref idref="oc-11b"/>
      </symbol>
      <symbol id="sm-2d6">
         <name>__mspabi_slli_10</name>
         <value>0xc816</value>
         <object_component_ref idref="oc-11b"/>
      </symbol>
      <symbol id="sm-2e4">
         <name>memcpy</name>
         <value>0xc94a</value>
         <object_component_ref idref="oc-91"/>
      </symbol>
      <symbol id="sm-2f2">
         <name>memset</name>
         <value>0xc924</value>
         <object_component_ref idref="oc-1c3"/>
      </symbol>
      <symbol id="sm-2fc">
         <name>_system_pre_init</name>
         <value>0xc9a6</value>
         <object_component_ref idref="oc-c9"/>
      </symbol>
      <symbol id="sm-316">
         <name>_auto_init</name>
         <value>0xc492</value>
         <object_component_ref idref="oc-cf"/>
      </symbol>
      <symbol id="sm-319">
         <name>__TI_INITARRAY_Base</name>
         <value>0x0</value>
      </symbol>
      <symbol id="sm-31a">
         <name>__TI_INITARRAY_Limit</name>
         <value>0x0</value>
      </symbol>
   </symbol_table>
   <title>Link successful</title>
</link_info>
